2026-01-26 14:02:37.421 [JavaFX-Launcher] INFO  o.b.s.HelloApplication - 执行初始化...
2026-01-26 14:02:37.429 [JavaFX Application Thread] INFO  o.b.s.HelloApplication - 工具开始启动并加载...
2026-01-26 14:02:39.313 [JavaFX Application Thread] INFO  o.b.s.HelloApplication - 执行停止...
2026-01-26 14:02:41.892 [JavaFX-Launcher] INFO  o.b.s.HelloApplication - 执行初始化...
2026-01-26 14:02:41.897 [JavaFX Application Thread] INFO  o.b.s.HelloApplication - 工具开始启动并加载...
2026-01-26 14:02:46.099 [JavaFX Application Thread] INFO  o.b.s.HelloApplication - 执行停止...
2026-01-26 14:02:59.729 [JavaFX-Launcher] INFO  o.b.s.HelloApplication - 执行初始化...
2026-01-26 14:02:59.734 [JavaFX Application Thread] INFO  o.b.s.HelloApplication - 工具开始启动并加载...
2026-01-26 14:03:09.709 [JavaFX Application Thread] INFO  o.b.s.HelloApplication - 执行停止...
2026-01-26 14:03:15.742 [JavaFX-Launcher] INFO  o.b.s.HelloApplication - 执行初始化...
2026-01-26 14:03:15.748 [JavaFX Application Thread] INFO  o.b.s.HelloApplication - 工具开始启动并加载...
2026-01-26 14:03:20.315 [JavaFX Application Thread] INFO  o.b.s.HelloApplication - 执行停止...
2026-01-26 14:07:36.418 [JavaFX-Launcher] INFO  o.b.s.HelloApplication - 执行初始化...
2026-01-26 14:07:36.424 [JavaFX Application Thread] INFO  o.b.s.HelloApplication - 工具开始启动并加载...
2026-01-26 14:07:47.489 [JavaFX Application Thread] INFO  o.b.s.HelloApplication - 执行停止...
2026-01-26 14:14:16.325 [JavaFX-Launcher] INFO  o.b.s.HelloApplication - 执行初始化...
2026-01-26 14:14:16.331 [JavaFX Application Thread] INFO  o.b.s.HelloApplication - 工具开始启动并加载...
2026-01-26 14:14:16.373 [JavaFX Application Thread] INFO  o.b.s.HelloApplication - 执行停止...
2026-01-26 14:14:27.296 [JavaFX-Launcher] INFO  o.b.s.HelloApplication - 执行初始化...
2026-01-26 14:14:27.301 [JavaFX Application Thread] INFO  o.b.s.HelloApplication - 工具开始启动并加载...
2026-01-26 14:14:27.342 [JavaFX Application Thread] INFO  o.b.s.HelloApplication - 执行停止...
2026-01-26 14:15:02.980 [JavaFX-Launcher] INFO  o.b.s.HelloApplication - 执行初始化...
2026-01-26 14:15:02.986 [JavaFX Application Thread] INFO  o.b.s.HelloApplication - 工具开始启动并加载...
2026-01-26 14:15:03.027 [JavaFX Application Thread] INFO  o.b.s.HelloApplication - 执行停止...
2026-01-26 14:15:35.974 [JavaFX-Launcher] INFO  o.b.s.HelloApplication - 执行初始化...
2026-01-26 14:15:35.980 [JavaFX Application Thread] INFO  o.b.s.HelloApplication - 工具开始启动并加载...
2026-01-26 14:15:36.019 [JavaFX Application Thread] INFO  o.b.s.HelloApplication - 执行停止...
2026-01-26 14:25:09.430 [JavaFX-Launcher] INFO  o.b.s.HelloApplication - 执行初始化...
2026-01-26 14:25:09.435 [JavaFX Application Thread] INFO  o.b.s.HelloApplication - 工具开始启动并加载...
2026-01-26 14:25:09.473 [JavaFX Application Thread] INFO  o.b.s.Utils.FileUtil - 成功加载文件/org/bxwbb/spigotplugincreatertool/icon/NodeEditor/Run.png
2026-01-26 14:25:12.718 [JavaFX Application Thread] INFO  o.b.s.HelloApplication - 执行停止...
2026-01-26 14:25:19.522 [JavaFX-Launcher] INFO  o.b.s.HelloApplication - 执行初始化...
2026-01-26 14:25:19.528 [JavaFX Application Thread] INFO  o.b.s.HelloApplication - 工具开始启动并加载...
2026-01-26 14:25:19.567 [JavaFX Application Thread] INFO  o.b.s.Utils.FileUtil - 成功加载文件/org/bxwbb/spigotplugincreatertool/icon/NodeEditor/Run.png
2026-01-26 14:25:21.031 [JavaFX Application Thread] INFO  o.b.s.HelloApplication - 执行停止...
2026-01-26 14:26:15.658 [JavaFX-Launcher] INFO  o.b.s.HelloApplication - 执行初始化...
2026-01-26 14:26:15.664 [JavaFX Application Thread] INFO  o.b.s.HelloApplication - 工具开始启动并加载...
2026-01-26 14:26:15.703 [JavaFX Application Thread] INFO  o.b.s.Utils.FileUtil - 成功加载文件/org/bxwbb/spigotplugincreatertool/icon/NodeEditor/Run.png
2026-01-26 14:26:17.475 [JavaFX Application Thread] INFO  o.b.s.HelloApplication - 执行停止...
2026-01-26 14:26:26.546 [JavaFX-Launcher] INFO  o.b.s.HelloApplication - 执行初始化...
2026-01-26 14:26:26.552 [JavaFX Application Thread] INFO  o.b.s.HelloApplication - 工具开始启动并加载...
2026-01-26 14:26:26.591 [JavaFX Application Thread] ERROR o.b.s.Utils.FileUtil - 安装包或应用程序可能受损,具体体现为-无法找到文件/org/bxwbb/spigotplugincreatertool/icon.png
2026-01-26 14:26:26.593 [JavaFX Application Thread] INFO  o.b.s.HelloApplication - 执行停止...
2026-01-26 14:26:58.691 [JavaFX-Launcher] INFO  o.b.s.HelloApplication - 执行初始化...
2026-01-26 14:26:58.695 [JavaFX Application Thread] INFO  o.b.s.HelloApplication - 工具开始启动并加载...
2026-01-26 14:26:58.734 [JavaFX Application Thread] INFO  o.b.s.Utils.FileUtil - 成功加载文件/org/bxwbb/spigotplugincreatertool/icon/icon.png
2026-01-26 14:27:01.482 [JavaFX Application Thread] INFO  o.b.s.HelloApplication - 执行停止...
2026-01-26 14:27:14.260 [JavaFX-Launcher] INFO  o.b.s.HelloApplication - 执行初始化...
2026-01-26 14:27:14.265 [JavaFX Application Thread] INFO  o.b.s.HelloApplication - 工具开始启动并加载...
2026-01-26 14:27:14.304 [JavaFX Application Thread] INFO  o.b.s.Utils.FileUtil - 成功加载文件/org/bxwbb/spigotplugincreatertool/icon/icon.png
2026-01-26 14:27:16.886 [JavaFX Application Thread] INFO  o.b.s.HelloApplication - 执行停止...
2026-01-26 14:27:23.349 [JavaFX-Launcher] INFO  o.b.s.HelloApplication - 执行初始化...
2026-01-26 14:27:23.355 [JavaFX Application Thread] INFO  o.b.s.HelloApplication - 工具开始启动并加载...
2026-01-26 14:27:23.394 [JavaFX Application Thread] INFO  o.b.s.Utils.FileUtil - 成功加载文件/org/bxwbb/spigotplugincreatertool/icon/icon.png
2026-01-26 14:27:37.865 [JavaFX Application Thread] INFO  o.b.s.HelloApplication - 执行停止...
2026-01-26 14:32:19.727 [JavaFX-Launcher] INFO  o.b.s.HelloApplication - 执行初始化...
2026-01-26 14:32:19.734 [JavaFX Application Thread] INFO  o.b.s.HelloApplication - 工具开始启动并加载...
2026-01-26 14:32:19.773 [JavaFX Application Thread] INFO  o.b.s.Utils.FileUtil - 成功加载文件/org/bxwbb/spigotplugincreatertool/icon/icon.png
2026-01-26 14:32:21.711 [JavaFX Application Thread] INFO  o.b.s.HelloApplication - 执行停止...
2026-01-26 14:32:25.512 [JavaFX-Launcher] INFO  o.b.s.HelloApplication - 执行初始化...
2026-01-26 14:32:25.517 [JavaFX Application Thread] INFO  o.b.s.HelloApplication - 工具开始启动并加载...
2026-01-26 14:32:25.557 [JavaFX Application Thread] INFO  o.b.s.Utils.FileUtil - 成功加载文件/org/bxwbb/spigotplugincreatertool/icon/icon.png
2026-01-26 14:32:28.393 [JavaFX Application Thread] INFO  o.b.s.HelloApplication - 执行停止...
2026-01-26 14:32:32.811 [JavaFX-Launcher] INFO  o.b.s.HelloApplication - 执行初始化...
2026-01-26 14:32:32.816 [JavaFX Application Thread] INFO  o.b.s.HelloApplication - 工具开始启动并加载...
2026-01-26 14:32:32.856 [JavaFX Application Thread] INFO  o.b.s.Utils.FileUtil - 成功加载文件/org/bxwbb/spigotplugincreatertool/icon/icon.png
2026-01-26 14:32:36.337 [JavaFX Application Thread] INFO  o.b.s.HelloApplication - 执行停止...
2026-01-26 14:35:24.250 [JavaFX-Launcher] INFO  o.b.s.HelloApplication - 执行初始化...
2026-01-26 14:35:24.255 [JavaFX Application Thread] INFO  o.b.s.HelloApplication - 工具开始启动并加载...
2026-01-26 14:35:24.296 [JavaFX Application Thread] INFO  o.b.s.Utils.FileUtil - 成功加载文件/org/bxwbb/spigotplugincreatertool/icon/icon.png
2026-01-26 14:35:32.350 [JavaFX Application Thread] INFO  o.b.s.HelloApplication - 执行停止...
2026-01-26 14:35:38.666 [JavaFX-Launcher] INFO  o.b.s.HelloApplication - 执行初始化...
2026-01-26 14:35:38.672 [JavaFX Application Thread] INFO  o.b.s.HelloApplication - 工具开始启动并加载...
2026-01-26 14:35:38.712 [JavaFX Application Thread] INFO  o.b.s.Utils.FileUtil - 成功加载文件/org/bxwbb/spigotplugincreatertool/icon/icon.png
2026-01-26 14:35:40.911 [JavaFX Application Thread] INFO  o.b.s.HelloApplication - 执行停止...
2026-01-26 14:44:11.583 [JavaFX-Launcher] INFO  o.b.s.HelloApplication - 执行初始化...
2026-01-26 14:44:11.588 [JavaFX Application Thread] INFO  o.b.s.HelloApplication - 工具开始启动并加载...
2026-01-26 14:44:11.627 [JavaFX Application Thread] INFO  o.b.s.Utils.FileUtil - 成功加载文件/org/bxwbb/spigotplugincreatertool/icon/icon.png
2026-01-26 14:44:13.921 [JavaFX Application Thread] INFO  o.b.s.HelloApplication - 执行停止...
2026-01-26 14:44:19.848 [JavaFX-Launcher] INFO  o.b.s.HelloApplication - 执行初始化...
2026-01-26 14:44:19.854 [JavaFX Application Thread] INFO  o.b.s.HelloApplication - 工具开始启动并加载...
2026-01-26 14:44:19.893 [JavaFX Application Thread] INFO  o.b.s.Utils.FileUtil - 成功加载文件/org/bxwbb/spigotplugincreatertool/icon/icon.png
2026-01-26 14:44:23.656 [JavaFX Application Thread] INFO  o.b.s.HelloApplication - 执行停止...
2026-01-26 14:45:45.971 [JavaFX-Launcher] INFO  o.b.s.HelloApplication - 执行初始化...
2026-01-26 14:45:45.977 [JavaFX Application Thread] INFO  o.b.s.HelloApplication - 工具开始启动并加载...
2026-01-26 14:45:46.019 [JavaFX Application Thread] INFO  o.b.s.Utils.FileUtil - 成功加载文件/org/bxwbb/spigotplugincreatertool/icon/icon.png
2026-01-26 14:45:47.786 [JavaFX Application Thread] INFO  o.b.s.HelloApplication - 执行停止...
2026-01-26 14:45:53.362 [JavaFX-Launcher] INFO  o.b.s.HelloApplication - 执行初始化...
2026-01-26 14:45:53.367 [JavaFX Application Thread] INFO  o.b.s.HelloApplication - 工具开始启动并加载...
2026-01-26 14:45:53.407 [JavaFX Application Thread] INFO  o.b.s.Utils.FileUtil - 成功加载文件/org/bxwbb/spigotplugincreatertool/icon/icon.png
2026-01-26 14:45:54.894 [JavaFX Application Thread] INFO  o.b.s.HelloApplication - 执行停止...
2026-01-26 14:46:06.210 [JavaFX-Launcher] INFO  o.b.s.HelloApplication - 执行初始化...
2026-01-26 14:46:06.216 [JavaFX Application Thread] INFO  o.b.s.HelloApplication - 工具开始启动并加载...
2026-01-26 14:46:06.253 [JavaFX Application Thread] INFO  o.b.s.Utils.FileUtil - 成功加载文件/org/bxwbb/spigotplugincreatertool/icon/icon.png
2026-01-26 14:46:08.128 [JavaFX Application Thread] INFO  o.b.s.HelloApplication - 执行停止...
2026-01-26 14:46:42.542 [JavaFX-Launcher] INFO  o.b.s.HelloApplication - 执行初始化...
2026-01-26 14:46:42.548 [JavaFX Application Thread] INFO  o.b.s.HelloApplication - 工具开始启动并加载...
2026-01-26 14:46:42.596 [JavaFX Application Thread] INFO  o.b.s.Utils.FileUtil - 成功加载文件/org/bxwbb/spigotplugincreatertool/icon/icon.png
2026-01-26 14:46:56.726 [JavaFX-Launcher] INFO  o.b.s.HelloApplication - 执行初始化...
2026-01-26 14:46:56.733 [JavaFX Application Thread] INFO  o.b.s.HelloApplication - 工具开始启动并加载...
2026-01-26 14:46:56.780 [JavaFX Application Thread] INFO  o.b.s.Utils.FileUtil - 成功加载文件/org/bxwbb/spigotplugincreatertool/icon/icon.png
2026-01-26 14:46:59.042 [JavaFX Application Thread] INFO  o.b.s.HelloApplication - 执行停止...
2026-01-26 14:47:02.799 [JavaFX-Launcher] INFO  o.b.s.HelloApplication - 执行初始化...
2026-01-26 14:47:02.806 [JavaFX Application Thread] INFO  o.b.s.HelloApplication - 工具开始启动并加载...
2026-01-26 14:47:02.852 [JavaFX Application Thread] INFO  o.b.s.Utils.FileUtil - 成功加载文件/org/bxwbb/spigotplugincreatertool/icon/icon.png
2026-01-26 14:47:05.289 [JavaFX Application Thread] INFO  o.b.s.HelloApplication - 执行停止...
2026-01-26 14:47:35.945 [JavaFX-Launcher] INFO  o.b.s.HelloApplication - 执行初始化...
2026-01-26 14:47:35.950 [JavaFX Application Thread] INFO  o.b.s.HelloApplication - 工具开始启动并加载...
2026-01-26 14:47:35.990 [JavaFX Application Thread] INFO  o.b.s.Utils.FileUtil - 成功加载文件/org/bxwbb/spigotplugincreatertool/icon/icon.png
2026-01-26 14:47:38.073 [JavaFX Application Thread] INFO  o.b.s.HelloApplication - 执行停止...
2026-01-26 16:28:33.743 [JavaFX-Launcher] INFO  o.b.s.HelloApplication - 执行初始化...
2026-01-26 16:28:33.749 [JavaFX Application Thread] INFO  o.b.s.HelloApplication - 工具开始启动并加载...
2026-01-26 16:28:33.784 [JavaFX Application Thread] INFO  o.b.s.HelloApplication - 执行停止...
2026-01-26 16:29:49.523 [JavaFX-Launcher] INFO  o.b.s.HelloApplication - 执行初始化...
2026-01-26 16:29:49.528 [JavaFX Application Thread] INFO  o.b.s.HelloApplication - 工具开始启动并加载...
2026-01-26 16:29:49.563 [JavaFX Application Thread] INFO  o.b.s.HelloApplication - 执行停止...
2026-01-26 16:31:40.145 [JavaFX-Launcher] INFO  o.b.s.HelloApplication - 执行初始化...
2026-01-26 16:31:40.150 [JavaFX Application Thread] INFO  o.b.s.HelloApplication - 工具开始启动并加载...
2026-01-26 16:31:40.201 [JavaFX Application Thread] INFO  o.b.s.HelloApplication - 执行停止...
2026-01-26 16:32:03.461 [JavaFX-Launcher] INFO  o.b.s.HelloApplication - 执行初始化...
2026-01-26 16:32:03.467 [JavaFX Application Thread] INFO  o.b.s.HelloApplication - 工具开始启动并加载...
2026-01-26 16:32:03.513 [JavaFX Application Thread] INFO  o.b.s.HelloApplication - 执行停止...
2026-01-26 16:32:52.795 [JavaFX-Launcher] INFO  o.b.s.HelloApplication - 执行初始化...
2026-01-26 16:32:52.800 [JavaFX Application Thread] INFO  o.b.s.HelloApplication - 工具开始启动并加载...
2026-01-26 16:32:52.840 [JavaFX Application Thread] INFO  o.b.s.HelloApplication - 执行停止...
2026-01-26 16:33:10.828 [JavaFX-Launcher] INFO  o.b.s.HelloApplication - 执行初始化...
2026-01-26 16:33:10.834 [JavaFX Application Thread] INFO  o.b.s.HelloApplication - 工具开始启动并加载...
2026-01-26 16:33:10.880 [JavaFX Application Thread] INFO  o.b.s.Utils.FileUtil - 成功加载文件/org/bxwbb/spigotplugincreatertool/icon/icon.png
2026-01-26 16:33:15.631 [JavaFX Application Thread] INFO  o.b.s.HelloApplication - 执行停止...
2026-01-26 16:33:48.111 [JavaFX-Launcher] INFO  o.b.s.HelloApplication - 执行初始化...
2026-01-26 16:33:48.116 [JavaFX Application Thread] INFO  o.b.s.HelloApplication - 工具开始启动并加载...
2026-01-26 16:33:48.158 [JavaFX Application Thread] INFO  o.b.s.Utils.FileUtil - 成功加载文件/org/bxwbb/spigotplugincreatertool/icon/icon.png
2026-01-26 16:34:50.046 [JavaFX Application Thread] INFO  o.b.s.HelloApplication - 执行停止...
2026-01-26 16:35:00.863 [JavaFX-Launcher] INFO  o.b.s.HelloApplication - 执行初始化...
2026-01-26 16:35:00.868 [JavaFX Application Thread] INFO  o.b.s.HelloApplication - 工具开始启动并加载...
2026-01-26 16:35:00.913 [JavaFX Application Thread] INFO  o.b.s.Utils.FileUtil - 成功加载文件/org/bxwbb/spigotplugincreatertool/icon/icon.png
2026-01-26 16:35:01.596 [JavaFX Application Thread] INFO  o.b.s.HelloApplication - 执行停止...
2026-01-26 16:35:05.543 [JavaFX-Launcher] INFO  o.b.s.HelloApplication - 执行初始化...
2026-01-26 16:35:05.550 [JavaFX Application Thread] INFO  o.b.s.HelloApplication - 工具开始启动并加载...
2026-01-26 16:35:05.620 [JavaFX Application Thread] INFO  o.b.s.Utils.FileUtil - 成功加载文件/org/bxwbb/spigotplugincreatertool/icon/icon.png
2026-01-26 16:36:03.812 [JavaFX-Launcher] INFO  o.b.s.HelloApplication - 执行初始化...
2026-01-26 16:36:03.818 [JavaFX Application Thread] INFO  o.b.s.HelloApplication - 工具开始启动并加载...
2026-01-26 16:36:03.859 [JavaFX Application Thread] INFO  o.b.s.Utils.FileUtil - 成功加载文件/org/bxwbb/spigotplugincreatertool/icon/icon.png
2026-01-26 16:36:18.201 [JavaFX Application Thread] INFO  o.b.s.HelloApplication - 执行停止...
2026-01-26 16:38:25.736 [JavaFX-Launcher] INFO  o.b.s.HelloApplication - 执行初始化...
2026-01-26 16:38:25.741 [JavaFX Application Thread] INFO  o.b.s.HelloApplication - 工具开始启动并加载...
2026-01-26 16:38:25.783 [JavaFX Application Thread] INFO  o.b.s.Utils.FileUtil - 成功加载文件/org/bxwbb/spigotplugincreatertool/icon/icon.png
2026-01-26 16:39:01.017 [JavaFX Application Thread] INFO  o.b.s.HelloApplication - 执行停止...
2026-01-26 16:39:07.749 [JavaFX-Launcher] INFO  o.b.s.HelloApplication - 执行初始化...
2026-01-26 16:39:07.755 [JavaFX Application Thread] INFO  o.b.s.HelloApplication - 工具开始启动并加载...
2026-01-26 16:39:07.797 [JavaFX Application Thread] INFO  o.b.s.Utils.FileUtil - 成功加载文件/org/bxwbb/spigotplugincreatertool/icon/icon.png
2026-01-26 16:39:16.204 [JavaFX Application Thread] INFO  o.b.s.HelloApplication - 执行停止...
2026-01-26 16:42:49.127 [JavaFX-Launcher] INFO  o.b.s.HelloApplication - 执行初始化...
2026-01-26 16:42:49.132 [JavaFX Application Thread] INFO  o.b.s.HelloApplication - 工具开始启动并加载...
2026-01-26 16:42:49.173 [JavaFX Application Thread] INFO  o.b.s.Utils.FileUtil - 成功加载文件/org/bxwbb/spigotplugincreatertool/icon/icon.png
2026-01-26 16:43:13.796 [JavaFX Application Thread] INFO  o.b.s.HelloApplication - 执行停止...
2026-01-26 16:43:21.188 [JavaFX-Launcher] INFO  o.b.s.HelloApplication - 执行初始化...
2026-01-26 16:43:21.192 [JavaFX Application Thread] INFO  o.b.s.HelloApplication - 工具开始启动并加载...
2026-01-26 16:43:21.233 [JavaFX Application Thread] INFO  o.b.s.Utils.FileUtil - 成功加载文件/org/bxwbb/spigotplugincreatertool/icon/icon.png
2026-01-26 16:43:23.744 [JavaFX Application Thread] INFO  o.b.s.HelloApplication - 执行停止...
2026-01-26 16:43:32.640 [JavaFX-Launcher] INFO  o.b.s.HelloApplication - 执行初始化...
2026-01-26 16:43:32.645 [JavaFX Application Thread] INFO  o.b.s.HelloApplication - 工具开始启动并加载...
2026-01-26 16:43:32.685 [JavaFX Application Thread] INFO  o.b.s.Utils.FileUtil - 成功加载文件/org/bxwbb/spigotplugincreatertool/icon/icon.png
2026-01-26 16:43:45.742 [JavaFX Application Thread] INFO  o.b.s.HelloApplication - 执行停止...
2026-01-26 16:44:00.376 [JavaFX-Launcher] INFO  o.b.s.HelloApplication - 执行初始化...
2026-01-26 16:44:00.381 [JavaFX Application Thread] INFO  o.b.s.HelloApplication - 工具开始启动并加载...
2026-01-26 16:44:00.421 [JavaFX Application Thread] INFO  o.b.s.Utils.FileUtil - 成功加载文件/org/bxwbb/spigotplugincreatertool/icon/icon.png
2026-01-26 16:44:08.893 [JavaFX Application Thread] INFO  o.b.s.HelloApplication - 执行停止...
2026-01-26 16:44:17.686 [JavaFX-Launcher] INFO  o.b.s.HelloApplication - 执行初始化...
2026-01-26 16:44:17.692 [JavaFX Application Thread] INFO  o.b.s.HelloApplication - 工具开始启动并加载...
2026-01-26 16:44:17.734 [JavaFX Application Thread] INFO  o.b.s.Utils.FileUtil - 成功加载文件/org/bxwbb/spigotplugincreatertool/icon/icon.png
2026-01-26 16:44:28.779 [JavaFX Application Thread] INFO  o.b.s.HelloApplication - 执行停止...
2026-01-26 16:44:36.344 [JavaFX-Launcher] INFO  o.b.s.HelloApplication - 执行初始化...
2026-01-26 16:44:36.349 [JavaFX Application Thread] INFO  o.b.s.HelloApplication - 工具开始启动并加载...
2026-01-26 16:44:36.389 [JavaFX Application Thread] INFO  o.b.s.Utils.FileUtil - 成功加载文件/org/bxwbb/spigotplugincreatertool/icon/icon.png
2026-01-26 16:45:14.833 [JavaFX Application Thread] INFO  o.b.s.HelloApplication - 执行停止...
2026-01-26 16:45:17.537 [JavaFX-Launcher] INFO  o.b.s.HelloApplication - 执行初始化...
2026-01-26 16:45:17.542 [JavaFX Application Thread] INFO  o.b.s.HelloApplication - 工具开始启动并加载...
2026-01-26 16:45:17.584 [JavaFX Application Thread] INFO  o.b.s.Utils.FileUtil - 成功加载文件/org/bxwbb/spigotplugincreatertool/icon/icon.png
2026-01-26 16:45:17.593 [JavaFX Application Thread] INFO  o.b.s.HelloApplication - 执行停止...
2026-01-26 16:48:20.154 [JavaFX-Launcher] INFO  o.b.s.HelloApplication - 执行初始化...
2026-01-26 16:48:20.159 [JavaFX Application Thread] INFO  o.b.s.HelloApplication - 工具开始启动并加载...
2026-01-26 16:48:20.198 [JavaFX Application Thread] INFO  o.b.s.Utils.FileUtil - 成功加载文件/org/bxwbb/spigotplugincreatertool/icon/icon.png
2026-01-26 16:48:20.207 [JavaFX Application Thread] INFO  o.b.s.HelloApplication - 执行停止...
2026-01-26 16:48:56.047 [JavaFX-Launcher] INFO  o.b.s.HelloApplication - 执行初始化...
2026-01-26 16:48:56.052 [JavaFX Application Thread] INFO  o.b.s.HelloApplication - 工具开始启动并加载...
2026-01-26 16:48:56.092 [JavaFX Application Thread] INFO  o.b.s.Utils.FileUtil - 成功加载文件/org/bxwbb/spigotplugincreatertool/icon/icon.png
2026-01-26 16:49:04.199 [JavaFX Application Thread] INFO  o.b.s.HelloApplication - 执行停止...
2026-01-26 16:52:10.220 [JavaFX-Launcher] INFO  o.b.s.HelloApplication - 执行初始化...
2026-01-26 16:52:10.226 [JavaFX Application Thread] INFO  o.b.s.HelloApplication - 工具开始启动并加载...
2026-01-26 16:52:10.271 [JavaFX Application Thread] INFO  o.b.s.HelloApplication - 执行停止...
2026-01-26 16:52:47.448 [JavaFX-Launcher] INFO  o.b.s.HelloApplication - 执行初始化...
2026-01-26 16:52:47.453 [JavaFX Application Thread] INFO  o.b.s.HelloApplication - 工具开始启动并加载...
2026-01-26 16:52:47.497 [JavaFX Application Thread] INFO  o.b.s.Utils.FileUtil - 成功加载文件/org/bxwbb/spigotplugincreatertool/icon/icon.png
2026-01-26 16:52:55.872 [JavaFX Application Thread] INFO  o.b.s.HelloApplication - 执行停止...
2026-01-26 16:54:17.071 [JavaFX-Launcher] INFO  o.b.s.HelloApplication - 执行初始化...
2026-01-26 16:54:17.076 [JavaFX Application Thread] INFO  o.b.s.HelloApplication - 工具开始启动并加载...
2026-01-26 16:54:17.128 [JavaFX Application Thread] INFO  o.b.s.Utils.FileUtil - 成功加载文件/org/bxwbb/spigotplugincreatertool/icon/icon.png
2026-01-26 16:54:27.027 [JavaFX Application Thread] INFO  o.b.s.HelloApplication - 执行停止...
2026-01-26 17:00:16.334 [JavaFX-Launcher] INFO  o.b.s.HelloApplication - 执行初始化...
2026-01-26 17:00:16.340 [JavaFX Application Thread] INFO  o.b.s.HelloApplication - 工具开始启动并加载...
2026-01-26 17:00:16.382 [JavaFX Application Thread] INFO  o.b.s.Utils.FileUtil - 成功加载文件/org/bxwbb/spigotplugincreatertool/icon/icon.png
2026-01-26 17:04:23.621 [JavaFX-Launcher] INFO  o.b.s.HelloApplication - 执行初始化...
2026-01-26 17:04:23.626 [JavaFX Application Thread] INFO  o.b.s.HelloApplication - 工具开始启动并加载...
2026-01-26 17:04:23.673 [JavaFX Application Thread] INFO  o.b.s.Utils.FileUtil - 成功加载文件/org/bxwbb/spigotplugincreatertool/icon/icon.png
2026-01-26 17:04:29.054 [JavaFX Application Thread] INFO  o.b.s.HelloApplication - 执行停止...
2026-01-26 17:04:35.753 [JavaFX-Launcher] INFO  o.b.s.HelloApplication - 执行初始化...
2026-01-26 17:04:35.759 [JavaFX Application Thread] INFO  o.b.s.HelloApplication - 工具开始启动并加载...
2026-01-26 17:04:35.808 [JavaFX Application Thread] INFO  o.b.s.Utils.FileUtil - 成功加载文件/org/bxwbb/spigotplugincreatertool/icon/icon.png
2026-01-26 17:05:09.469 [JavaFX Application Thread] INFO  o.b.s.HelloApplication - 执行停止...
2026-01-26 17:06:59.424 [JavaFX-Launcher] INFO  o.b.s.HelloApplication - 执行初始化...
2026-01-26 17:06:59.429 [JavaFX Application Thread] INFO  o.b.s.HelloApplication - 工具开始启动并加载...
2026-01-26 17:06:59.469 [JavaFX Application Thread] INFO  o.b.s.Utils.FileUtil - 成功加载文件/org/bxwbb/spigotplugincreatertool/icon/icon.png
2026-01-26 17:07:07.100 [JavaFX Application Thread] INFO  o.b.s.HelloApplication - 执行停止...
2026-01-26 17:07:31.104 [JavaFX-Launcher] INFO  o.b.s.HelloApplication - 执行初始化...
2026-01-26 17:07:31.110 [JavaFX Application Thread] INFO  o.b.s.HelloApplication - 工具开始启动并加载...
2026-01-26 17:07:31.149 [JavaFX Application Thread] INFO  o.b.s.Utils.FileUtil - 成功加载文件/org/bxwbb/spigotplugincreatertool/icon/icon.png
2026-01-26 17:07:33.598 [JavaFX Application Thread] INFO  o.b.s.HelloApplication - 执行停止...
2026-01-26 17:07:42.356 [JavaFX-Launcher] INFO  o.b.s.HelloApplication - 执行初始化...
2026-01-26 17:07:42.362 [JavaFX Application Thread] INFO  o.b.s.HelloApplication - 工具开始启动并加载...
2026-01-26 17:07:42.401 [JavaFX Application Thread] INFO  o.b.s.Utils.FileUtil - 成功加载文件/org/bxwbb/spigotplugincreatertool/icon/icon.png
2026-01-26 17:08:17.625 [JavaFX Application Thread] INFO  o.b.s.HelloApplication - 执行停止...
2026-01-26 17:08:25.072 [JavaFX-Launcher] INFO  o.b.s.HelloApplication - 执行初始化...
2026-01-26 17:08:25.078 [JavaFX Application Thread] INFO  o.b.s.HelloApplication - 工具开始启动并加载...
2026-01-26 17:08:25.119 [JavaFX Application Thread] INFO  o.b.s.Utils.FileUtil - 成功加载文件/org/bxwbb/spigotplugincreatertool/icon/icon.png
2026-01-26 17:08:50.098 [JavaFX Application Thread] INFO  o.b.s.HelloApplication - 执行停止...
2026-01-26 17:08:58.647 [JavaFX-Launcher] INFO  o.b.s.HelloApplication - 执行初始化...
2026-01-26 17:08:58.653 [JavaFX Application Thread] INFO  o.b.s.HelloApplication - 工具开始启动并加载...
2026-01-26 17:08:58.693 [JavaFX Application Thread] INFO  o.b.s.Utils.FileUtil - 成功加载文件/org/bxwbb/spigotplugincreatertool/icon/icon.png
2026-01-26 17:09:05.913 [JavaFX Application Thread] INFO  o.b.s.HelloApplication - 执行停止...
2026-01-26 17:20:11.559 [JavaFX-Launcher] INFO  o.b.s.HelloApplication - 执行初始化...
2026-01-26 17:20:11.565 [JavaFX Application Thread] INFO  o.b.s.HelloApplication - 工具开始启动并加载...
2026-01-26 17:20:11.609 [JavaFX Application Thread] INFO  o.b.s.Utils.FileUtil - 成功加载文件/org/bxwbb/spigotplugincreatertool/icon/icon.png
2026-01-26 17:21:21.653 [JavaFX Application Thread] INFO  o.b.s.HelloApplication - 执行停止...
2026-01-26 17:21:43.845 [JavaFX-Launcher] INFO  o.b.s.HelloApplication - 执行初始化...
2026-01-26 17:21:43.851 [JavaFX Application Thread] INFO  o.b.s.HelloApplication - 工具开始启动并加载...
2026-01-26 17:21:43.892 [JavaFX Application Thread] INFO  o.b.s.Utils.FileUtil - 成功加载文件/org/bxwbb/spigotplugincreatertool/icon/icon.png
2026-01-26 17:21:54.472 [JavaFX Application Thread] INFO  o.b.s.HelloApplication - 执行停止...
2026-01-26 17:22:00.930 [JavaFX-Launcher] INFO  o.b.s.HelloApplication - 执行初始化...
2026-01-26 17:22:00.935 [JavaFX Application Thread] INFO  o.b.s.HelloApplication - 工具开始启动并加载...
2026-01-26 17:22:00.977 [JavaFX Application Thread] INFO  o.b.s.Utils.FileUtil - 成功加载文件/org/bxwbb/spigotplugincreatertool/icon/icon.png
2026-01-26 17:22:10.084 [JavaFX Application Thread] INFO  o.b.s.HelloApplication - 执行停止...
2026-01-26 17:24:24.410 [JavaFX-Launcher] INFO  o.b.s.HelloApplication - 执行初始化...
2026-01-26 17:24:24.415 [JavaFX Application Thread] INFO  o.b.s.HelloApplication - 工具开始启动并加载...
2026-01-26 17:24:24.457 [JavaFX Application Thread] INFO  o.b.s.Utils.FileUtil - 成功加载文件/org/bxwbb/spigotplugincreatertool/icon/icon.png
2026-01-26 17:24:26.933 [JavaFX Application Thread] INFO  o.b.s.HelloApplication - 执行停止...
2026-01-26 17:24:31.638 [JavaFX-Launcher] INFO  o.b.s.HelloApplication - 执行初始化...
2026-01-26 17:24:31.643 [JavaFX Application Thread] INFO  o.b.s.HelloApplication - 工具开始启动并加载...
2026-01-26 17:24:31.684 [JavaFX Application Thread] INFO  o.b.s.Utils.FileUtil - 成功加载文件/org/bxwbb/spigotplugincreatertool/icon/icon.png
2026-01-26 17:24:42.719 [JavaFX Application Thread] INFO  o.b.s.HelloApplication - 执行停止...
2026-01-26 17:25:04.685 [JavaFX-Launcher] INFO  o.b.s.HelloApplication - 执行初始化...
2026-01-26 17:25:04.691 [JavaFX Application Thread] INFO  o.b.s.HelloApplication - 工具开始启动并加载...
2026-01-26 17:25:04.731 [JavaFX Application Thread] INFO  o.b.s.Utils.FileUtil - 成功加载文件/org/bxwbb/spigotplugincreatertool/icon/icon.png
2026-01-26 17:25:15.431 [JavaFX Application Thread] INFO  o.b.s.HelloApplication - 执行停止...
2026-01-26 18:52:19.556 [JavaFX-Launcher] INFO  o.b.s.HelloApplication - 执行初始化...
2026-01-26 18:52:19.562 [JavaFX Application Thread] INFO  o.b.s.HelloApplication - 工具开始启动并加载...
2026-01-26 18:52:19.603 [JavaFX Application Thread] INFO  o.b.s.Utils.FileUtil - 成功加载文件/org/bxwbb/spigotplugincreatertool/icon/icon.png
2026-01-26 18:52:21.895 [JavaFX Application Thread] INFO  o.b.s.HelloApplication - 执行停止...
2026-01-26 18:56:32.323 [JavaFX-Launcher] INFO  o.b.s.HelloApplication - 执行初始化...
2026-01-26 18:56:32.329 [JavaFX Application Thread] INFO  o.b.s.HelloApplication - 工具开始启动并加载...
2026-01-26 18:56:32.378 [JavaFX Application Thread] INFO  o.b.s.Utils.FileUtil - 成功加载文件/org/bxwbb/spigotplugincreatertool/icon/icon.png
2026-01-26 18:56:34.481 [JavaFX Application Thread] INFO  o.b.s.HelloApplication - 执行停止...
2026-01-26 18:57:54.141 [JavaFX-Launcher] INFO  o.b.s.HelloApplication - 执行初始化...
2026-01-26 18:57:54.146 [JavaFX Application Thread] INFO  o.b.s.HelloApplication - 工具开始启动并加载...
2026-01-26 18:57:54.186 [JavaFX Application Thread] INFO  o.b.s.Utils.FileUtil - 成功加载文件/org/bxwbb/spigotplugincreatertool/icon/icon.png
2026-01-26 18:57:56.027 [JavaFX Application Thread] INFO  o.b.s.HelloApplication - 执行停止...
2026-01-26 18:58:09.391 [JavaFX-Launcher] INFO  o.b.s.HelloApplication - 执行初始化...
2026-01-26 18:58:09.397 [JavaFX Application Thread] INFO  o.b.s.HelloApplication - 工具开始启动并加载...
2026-01-26 18:58:09.462 [JavaFX Application Thread] INFO  o.b.s.Utils.FileUtil - 成功加载文件/org/bxwbb/spigotplugincreatertool/icon/icon.png
2026-01-26 18:58:19.685 [JavaFX Application Thread] INFO  o.b.s.HelloApplication - 执行停止...
2026-01-26 18:59:15.742 [JavaFX-Launcher] INFO  o.b.s.HelloApplication - 执行初始化...
2026-01-26 18:59:15.748 [JavaFX Application Thread] INFO  o.b.s.HelloApplication - 工具开始启动并加载...
2026-01-26 19:00:09.925 [JavaFX Application Thread] INFO  o.b.s.Utils.FileUtil - 成功加载文件/org/bxwbb/spigotplugincreatertool/icon/icon.png
2026-01-26 19:00:58.855 [JavaFX-Launcher] INFO  o.b.s.HelloApplication - 执行初始化...
2026-01-26 19:00:58.862 [JavaFX Application Thread] INFO  o.b.s.HelloApplication - 工具开始启动并加载...
2026-01-26 19:00:58.923 [JavaFX Application Thread] INFO  o.b.s.Utils.FileUtil - 成功加载文件/org/bxwbb/spigotplugincreatertool/icon/icon.png
2026-01-26 19:01:26.261 [JavaFX Application Thread] INFO  o.b.s.HelloApplication - 执行停止...
2026-01-26 19:02:58.726 [JavaFX-Launcher] INFO  o.b.s.HelloApplication - 执行初始化...
2026-01-26 19:02:58.731 [JavaFX Application Thread] INFO  o.b.s.HelloApplication - 工具开始启动并加载...
2026-01-26 19:02:58.773 [JavaFX Application Thread] INFO  o.b.s.Utils.FileUtil - 成功加载文件/org/bxwbb/spigotplugincreatertool/icon/icon.png
2026-01-26 19:03:00.178 [JavaFX Application Thread] INFO  o.b.s.HelloApplication - 执行停止...
2026-01-26 19:20:05.780 [JavaFX-Launcher] INFO  o.b.s.HelloApplication - 执行初始化...
2026-01-26 19:20:05.786 [JavaFX Application Thread] INFO  o.b.s.HelloApplication - 工具开始启动并加载...
2026-01-26 19:20:05.826 [JavaFX Application Thread] INFO  o.b.s.Utils.FileUtil - 成功加载文件/org/bxwbb/spigotplugincreatertool/icon/icon.png
2026-01-26 19:20:05.962 [JavaFX Application Thread] INFO  o.b.s.HelloApplication - 执行停止...
2026-01-26 19:22:11.390 [JavaFX-Launcher] INFO  o.b.s.HelloApplication - 执行初始化...
2026-01-26 19:22:11.396 [JavaFX Application Thread] INFO  o.b.s.HelloApplication - 工具开始启动并加载...
2026-01-26 19:22:11.437 [JavaFX Application Thread] INFO  o.b.s.Utils.FileUtil - 成功加载文件/org/bxwbb/spigotplugincreatertool/icon/icon.png
2026-01-26 19:22:23.233 [JavaFX Application Thread] INFO  o.b.s.HelloApplication - 执行停止...
2026-01-26 19:22:25.497 [JavaFX-Launcher] INFO  o.b.s.HelloApplication - 执行初始化...
2026-01-26 19:22:25.502 [JavaFX Application Thread] INFO  o.b.s.HelloApplication - 工具开始启动并加载...
2026-01-26 19:22:25.542 [JavaFX Application Thread] INFO  o.b.s.Utils.FileUtil - 成功加载文件/org/bxwbb/spigotplugincreatertool/icon/icon.png
2026-01-26 19:22:40.599 [JavaFX Application Thread] INFO  o.b.s.HelloApplication - 执行停止...
2026-01-26 19:23:11.662 [JavaFX-Launcher] INFO  o.b.s.HelloApplication - 执行初始化...
2026-01-26 19:23:11.668 [JavaFX Application Thread] INFO  o.b.s.HelloApplication - 工具开始启动并加载...
2026-01-26 19:23:11.709 [JavaFX Application Thread] INFO  o.b.s.Utils.FileUtil - 成功加载文件/org/bxwbb/spigotplugincreatertool/icon/icon.png
2026-01-26 19:23:16.297 [JavaFX Application Thread] INFO  o.b.s.HelloApplication - 执行停止...
2026-01-26 19:23:35.673 [JavaFX-Launcher] INFO  o.b.s.HelloApplication - 执行初始化...
2026-01-26 19:23:35.679 [JavaFX Application Thread] INFO  o.b.s.HelloApplication - 工具开始启动并加载...
2026-01-26 19:23:35.718 [JavaFX Application Thread] INFO  o.b.s.Utils.FileUtil - 成功加载文件/org/bxwbb/spigotplugincreatertool/icon/icon.png
2026-01-26 19:23:40.057 [JavaFX Application Thread] INFO  o.b.s.HelloApplication - 执行停止...
2026-01-26 19:25:17.278 [JavaFX-Launcher] INFO  o.b.s.HelloApplication - 执行初始化...
2026-01-26 19:25:17.284 [JavaFX Application Thread] INFO  o.b.s.HelloApplication - 工具开始启动并加载...
2026-01-26 19:25:17.324 [JavaFX Application Thread] INFO  o.b.s.Utils.FileUtil - 成功加载文件/org/bxwbb/spigotplugincreatertool/icon/icon.png
2026-01-26 19:25:17.492 [JavaFX Application Thread] INFO  o.b.s.HelloApplication - 执行停止...
2026-01-26 19:25:39.487 [JavaFX-Launcher] INFO  o.b.s.HelloApplication - 执行初始化...
2026-01-26 19:25:39.492 [JavaFX Application Thread] INFO  o.b.s.HelloApplication - 工具开始启动并加载...
2026-01-26 19:25:39.533 [JavaFX Application Thread] INFO  o.b.s.Utils.FileUtil - 成功加载文件/org/bxwbb/spigotplugincreatertool/icon/icon.png
2026-01-26 19:25:39.709 [JavaFX Application Thread] INFO  o.b.s.HelloApplication - 执行停止...
2026-01-26 19:29:26.557 [JavaFX-Launcher] INFO  o.b.s.HelloApplication - 执行初始化...
2026-01-26 19:29:26.562 [JavaFX Application Thread] INFO  o.b.s.HelloApplication - 工具开始启动并加载...
2026-01-26 19:29:26.603 [JavaFX Application Thread] INFO  o.b.s.Utils.FileUtil - 成功加载文件/org/bxwbb/spigotplugincreatertool/icon/icon.png
2026-01-26 19:29:29.891 [JavaFX Application Thread] INFO  o.b.s.HelloApplication - 执行停止...
2026-01-26 19:29:42.845 [JavaFX-Launcher] INFO  o.b.s.HelloApplication - 执行初始化...
2026-01-26 19:29:42.851 [JavaFX Application Thread] INFO  o.b.s.HelloApplication - 工具开始启动并加载...
2026-01-26 19:29:42.891 [JavaFX Application Thread] INFO  o.b.s.Utils.FileUtil - 成功加载文件/org/bxwbb/spigotplugincreatertool/icon/icon.png
2026-01-26 19:29:45.055 [JavaFX Application Thread] INFO  o.b.s.HelloApplication - 执行停止...
2026-01-26 19:30:49.120 [JavaFX-Launcher] INFO  o.b.s.HelloApplication - 执行初始化...
2026-01-26 19:30:49.126 [JavaFX Application Thread] INFO  o.b.s.HelloApplication - 工具开始启动并加载...
2026-01-26 19:30:49.166 [JavaFX Application Thread] INFO  o.b.s.Utils.FileUtil - 成功加载文件/org/bxwbb/spigotplugincreatertool/icon/icon.png
2026-01-26 19:30:59.017 [JavaFX Application Thread] INFO  o.b.s.HelloApplication - 执行停止...
2026-01-26 19:31:06.397 [JavaFX-Launcher] INFO  o.b.s.HelloApplication - 执行初始化...
2026-01-26 19:31:06.403 [JavaFX Application Thread] INFO  o.b.s.HelloApplication - 工具开始启动并加载...
2026-01-26 19:31:06.442 [JavaFX Application Thread] INFO  o.b.s.Utils.FileUtil - 成功加载文件/org/bxwbb/spigotplugincreatertool/icon/icon.png
2026-01-26 19:31:08.659 [JavaFX Application Thread] INFO  o.b.s.HelloApplication - 执行停止...
2026-01-26 19:31:23.265 [JavaFX-Launcher] INFO  o.b.s.HelloApplication - 执行初始化...
2026-01-26 19:31:23.270 [JavaFX Application Thread] INFO  o.b.s.HelloApplication - 工具开始启动并加载...
2026-01-26 19:31:23.309 [JavaFX Application Thread] INFO  o.b.s.Utils.FileUtil - 成功加载文件/org/bxwbb/spigotplugincreatertool/icon/icon.png
2026-01-26 19:31:29.859 [JavaFX Application Thread] INFO  o.b.s.HelloApplication - 执行停止...
2026-01-26 19:31:55.739 [JavaFX-Launcher] INFO  o.b.s.HelloApplication - 执行初始化...
2026-01-26 19:31:55.745 [JavaFX Application Thread] INFO  o.b.s.HelloApplication - 工具开始启动并加载...
2026-01-26 19:31:55.784 [JavaFX Application Thread] INFO  o.b.s.Utils.FileUtil - 成功加载文件/org/bxwbb/spigotplugincreatertool/icon/icon.png
2026-01-26 19:31:58.129 [JavaFX Application Thread] INFO  o.b.s.HelloApplication - 执行停止...
2026-01-26 19:34:26.002 [JavaFX-Launcher] INFO  o.b.s.HelloApplication - 执行初始化...
2026-01-26 19:34:26.007 [JavaFX Application Thread] INFO  o.b.s.HelloApplication - 工具开始启动并加载...
2026-01-26 19:34:26.047 [JavaFX Application Thread] INFO  o.b.s.Utils.FileUtil - 成功加载文件/org/bxwbb/spigotplugincreatertool/icon/icon.png
2026-01-26 19:34:28.374 [JavaFX Application Thread] INFO  o.b.s.HelloApplication - 执行停止...
2026-01-26 19:36:59.946 [JavaFX-Launcher] INFO  o.b.s.HelloApplication - 执行初始化...
2026-01-26 19:36:59.950 [JavaFX Application Thread] INFO  o.b.s.HelloApplication - 工具开始启动并加载...
2026-01-26 19:36:59.991 [JavaFX Application Thread] INFO  o.b.s.Utils.FileUtil - 成功加载文件/org/bxwbb/spigotplugincreatertool/icon/icon.png
2026-01-26 19:37:04.824 [JavaFX Application Thread] INFO  o.b.s.HelloApplication - 执行停止...
2026-01-26 19:37:20.671 [JavaFX-Launcher] INFO  o.b.s.HelloApplication - 执行初始化...
2026-01-26 19:37:20.677 [JavaFX Application Thread] INFO  o.b.s.HelloApplication - 工具开始启动并加载...
2026-01-26 19:37:20.719 [JavaFX Application Thread] INFO  o.b.s.Utils.FileUtil - 成功加载文件/org/bxwbb/spigotplugincreatertool/icon/icon.png
2026-01-26 19:37:24.148 [JavaFX Application Thread] INFO  o.b.s.HelloApplication - 执行停止...
2026-01-26 19:37:32.863 [JavaFX-Launcher] INFO  o.b.s.HelloApplication - 执行初始化...
2026-01-26 19:37:32.869 [JavaFX Application Thread] INFO  o.b.s.HelloApplication - 工具开始启动并加载...
2026-01-26 19:37:32.910 [JavaFX Application Thread] INFO  o.b.s.Utils.FileUtil - 成功加载文件/org/bxwbb/spigotplugincreatertool/icon/icon.png
2026-01-26 19:37:36.015 [JavaFX Application Thread] INFO  o.b.s.HelloApplication - 执行停止...
2026-01-26 19:37:57.681 [JavaFX-Launcher] INFO  o.b.s.HelloApplication - 执行初始化...
2026-01-26 19:37:57.686 [JavaFX Application Thread] INFO  o.b.s.HelloApplication - 工具开始启动并加载...
2026-01-26 19:37:57.727 [JavaFX Application Thread] INFO  o.b.s.Utils.FileUtil - 成功加载文件/org/bxwbb/spigotplugincreatertool/icon/icon.png
2026-01-26 19:37:59.858 [JavaFX Application Thread] INFO  o.b.s.HelloApplication - 执行停止...
2026-01-26 19:38:04.061 [JavaFX-Launcher] INFO  o.b.s.HelloApplication - 执行初始化...
2026-01-26 19:38:04.066 [JavaFX Application Thread] INFO  o.b.s.HelloApplication - 工具开始启动并加载...
2026-01-26 19:38:06.151 [JavaFX Application Thread] INFO  o.b.s.HelloApplication - 执行停止...
2026-01-26 19:39:54.735 [JavaFX-Launcher] INFO  o.b.s.HelloApplication - 执行初始化...
2026-01-26 19:39:54.741 [JavaFX Application Thread] INFO  o.b.s.HelloApplication - 工具开始启动并加载...
2026-01-26 19:39:54.781 [JavaFX Application Thread] INFO  o.b.s.Utils.FileUtil - 成功加载文件/org/bxwbb/spigotplugincreatertool/icon/icon.png
2026-01-26 19:40:10.238 [JavaFX Application Thread] INFO  o.b.s.HelloApplication - 执行停止...
2026-01-26 19:41:49.331 [JavaFX-Launcher] INFO  o.b.s.HelloApplication - 执行初始化...
2026-01-26 19:41:49.336 [JavaFX Application Thread] INFO  o.b.s.HelloApplication - 工具开始启动并加载...
2026-01-26 19:41:49.377 [JavaFX Application Thread] INFO  o.b.s.Utils.FileUtil - 成功加载文件/org/bxwbb/spigotplugincreatertool/icon/icon.png
2026-01-26 19:41:57.645 [JavaFX Application Thread] INFO  o.b.s.HelloApplication - 执行停止...
2026-01-26 19:42:15.367 [JavaFX-Launcher] INFO  o.b.s.HelloApplication - 执行初始化...
2026-01-26 19:42:15.372 [JavaFX Application Thread] INFO  o.b.s.HelloApplication - 工具开始启动并加载...
2026-01-26 19:42:15.413 [JavaFX Application Thread] INFO  o.b.s.Utils.FileUtil - 成功加载文件/org/bxwbb/spigotplugincreatertool/icon/icon.png
2026-01-26 19:42:21.245 [JavaFX Application Thread] INFO  o.b.s.HelloApplication - 执行停止...
2026-01-26 19:42:36.085 [JavaFX-Launcher] INFO  o.b.s.HelloApplication - 执行初始化...
2026-01-26 19:42:36.091 [JavaFX Application Thread] INFO  o.b.s.HelloApplication - 工具开始启动并加载...
2026-01-26 19:42:39.710 [JavaFX Application Thread] INFO  o.b.s.HelloApplication - 执行停止...
2026-01-26 19:44:46.366 [JavaFX-Launcher] INFO  o.b.s.HelloApplication - 执行初始化...
2026-01-26 19:44:46.371 [JavaFX Application Thread] INFO  o.b.s.HelloApplication - 工具开始启动并加载...
2026-01-26 19:44:49.466 [JavaFX Application Thread] INFO  o.b.s.HelloApplication - 执行停止...
2026-01-26 19:44:58.024 [JavaFX-Launcher] INFO  o.b.s.HelloApplication - 执行初始化...
2026-01-26 19:44:58.030 [JavaFX Application Thread] INFO  o.b.s.HelloApplication - 工具开始启动并加载...
2026-01-26 19:45:20.502 [JavaFX Application Thread] INFO  o.b.s.HelloApplication - 执行停止...
2026-01-26 19:46:11.978 [JavaFX-Launcher] INFO  o.b.s.HelloApplication - 执行初始化...
2026-01-26 19:46:11.984 [JavaFX Application Thread] INFO  o.b.s.HelloApplication - 工具开始启动并加载...
2026-01-26 19:47:52.222 [JavaFX-Launcher] INFO  o.b.s.HelloApplication - 执行初始化...
2026-01-26 19:47:52.230 [JavaFX Application Thread] INFO  o.b.s.HelloApplication - 工具开始启动并加载...
2026-01-26 19:48:25.406 [JavaFX-Launcher] INFO  o.b.s.HelloApplication - 执行初始化...
2026-01-26 19:48:25.412 [JavaFX Application Thread] INFO  o.b.s.HelloApplication - 工具开始启动并加载...
2026-01-26 19:49:18.595 [JavaFX-Launcher] INFO  o.b.s.HelloApplication - 执行初始化...
2026-01-26 19:49:18.600 [JavaFX Application Thread] INFO  o.b.s.HelloApplication - 工具开始启动并加载...
2026-01-26 19:50:11.950 [JavaFX Application Thread] INFO  o.b.s.HelloApplication - 执行停止...
2026-01-26 19:50:22.837 [JavaFX-Launcher] INFO  o.b.s.HelloApplication - 执行初始化...
2026-01-26 19:50:22.842 [JavaFX Application Thread] INFO  o.b.s.HelloApplication - 工具开始启动并加载...
2026-01-26 19:50:22.882 [JavaFX Application Thread] INFO  o.b.s.Utils.FileUtil - 成功加载文件/org/bxwbb/spigotplugincreatertool/icon/icon.png
2026-01-26 19:50:59.734 [JavaFX Application Thread] INFO  o.b.s.HelloApplication - 执行停止...
2026-01-26 19:51:32.706 [JavaFX-Launcher] INFO  o.b.s.HelloApplication - 执行初始化...
2026-01-26 19:51:32.712 [JavaFX Application Thread] INFO  o.b.s.HelloApplication - 工具开始启动并加载...
2026-01-26 19:51:32.752 [JavaFX Application Thread] INFO  o.b.s.Utils.FileUtil - 成功加载文件/org/bxwbb/spigotplugincreatertool/icon/icon.png
2026-01-26 19:51:40.573 [JavaFX Application Thread] INFO  o.b.s.HelloApplication - 执行停止...
2026-01-26 19:52:09.176 [JavaFX-Launcher] INFO  o.b.s.HelloApplication - 执行初始化...
2026-01-26 19:52:09.182 [JavaFX Application Thread] INFO  o.b.s.HelloApplication - 工具开始启动并加载...
2026-01-26 19:52:09.224 [JavaFX Application Thread] INFO  o.b.s.Utils.FileUtil - 成功加载文件/org/bxwbb/spigotplugincreatertool/icon/icon.png
2026-01-26 19:52:26.695 [JavaFX Application Thread] INFO  o.b.s.HelloApplication - 执行停止...
2026-01-26 19:54:59.510 [JavaFX-Launcher] INFO  o.b.s.HelloApplication - 执行初始化...
2026-01-26 19:54:59.515 [JavaFX Application Thread] INFO  o.b.s.HelloApplication - 工具开始启动并加载...
2026-01-26 19:54:59.556 [JavaFX Application Thread] INFO  o.b.s.Utils.FileUtil - 成功加载文件/org/bxwbb/spigotplugincreatertool/icon/icon.png
2026-01-26 19:55:06.440 [JavaFX Application Thread] INFO  o.b.s.HelloApplication - 执行停止...
2026-01-26 19:57:43.164 [JavaFX-Launcher] INFO  o.b.s.HelloApplication - 执行初始化...
2026-01-26 19:57:43.170 [JavaFX Application Thread] INFO  o.b.s.HelloApplication - 工具开始启动并加载...
2026-01-26 19:57:43.210 [JavaFX Application Thread] INFO  o.b.s.Utils.FileUtil - 成功加载文件/org/bxwbb/spigotplugincreatertool/icon/icon.png
2026-01-26 19:57:46.973 [JavaFX Application Thread] INFO  o.b.s.HelloApplication - 执行停止...
2026-01-26 19:57:58.436 [JavaFX-Launcher] INFO  o.b.s.HelloApplication - 执行初始化...
2026-01-26 19:57:58.441 [JavaFX Application Thread] INFO  o.b.s.HelloApplication - 工具开始启动并加载...
2026-01-26 19:57:58.483 [JavaFX Application Thread] INFO  o.b.s.Utils.FileUtil - 成功加载文件/org/bxwbb/spigotplugincreatertool/icon/icon.png
2026-01-26 19:58:01.586 [JavaFX Application Thread] INFO  o.b.s.HelloApplication - 执行停止...
2026-01-26 19:58:04.432 [JavaFX-Launcher] INFO  o.b.s.HelloApplication - 执行初始化...
2026-01-26 19:58:04.437 [JavaFX Application Thread] INFO  o.b.s.HelloApplication - 工具开始启动并加载...
2026-01-26 19:58:04.478 [JavaFX Application Thread] INFO  o.b.s.Utils.FileUtil - 成功加载文件/org/bxwbb/spigotplugincreatertool/icon/icon.png
2026-01-26 19:58:25.486 [JavaFX Application Thread] INFO  o.b.s.HelloApplication - 执行停止...
2026-01-26 19:58:46.045 [JavaFX-Launcher] INFO  o.b.s.HelloApplication - 执行初始化...
2026-01-26 19:58:46.050 [JavaFX Application Thread] INFO  o.b.s.HelloApplication - 工具开始启动并加载...
2026-01-26 19:58:46.091 [JavaFX Application Thread] INFO  o.b.s.Utils.FileUtil - 成功加载文件/org/bxwbb/spigotplugincreatertool/icon/icon.png
2026-01-26 19:58:52.219 [JavaFX Application Thread] INFO  o.b.s.HelloApplication - 执行停止...
2026-01-26 19:59:15.346 [JavaFX-Launcher] INFO  o.b.s.HelloApplication - 执行初始化...
2026-01-26 19:59:15.352 [JavaFX Application Thread] INFO  o.b.s.HelloApplication - 工具开始启动并加载...
2026-01-26 19:59:15.392 [JavaFX Application Thread] INFO  o.b.s.Utils.FileUtil - 成功加载文件/org/bxwbb/spigotplugincreatertool/icon/icon.png
2026-01-26 19:59:17.887 [JavaFX Application Thread] INFO  o.b.s.HelloApplication - 执行停止...
2026-01-26 19:59:23.188 [JavaFX-Launcher] INFO  o.b.s.HelloApplication - 执行初始化...
2026-01-26 19:59:23.194 [JavaFX Application Thread] INFO  o.b.s.HelloApplication - 工具开始启动并加载...
2026-01-26 19:59:23.234 [JavaFX Application Thread] INFO  o.b.s.Utils.FileUtil - 成功加载文件/org/bxwbb/spigotplugincreatertool/icon/icon.png
2026-01-26 19:59:35.203 [JavaFX Application Thread] INFO  o.b.s.HelloApplication - 执行停止...
2026-01-26 20:00:17.403 [JavaFX-Launcher] INFO  o.b.s.HelloApplication - 执行初始化...
2026-01-26 20:00:17.408 [JavaFX Application Thread] INFO  o.b.s.HelloApplication - 工具开始启动并加载...
2026-01-26 20:00:17.450 [JavaFX Application Thread] INFO  o.b.s.Utils.FileUtil - 成功加载文件/org/bxwbb/spigotplugincreatertool/icon/icon.png
2026-01-26 20:00:25.803 [JavaFX Application Thread] INFO  o.b.s.HelloApplication - 执行停止...
2026-01-26 20:01:55.755 [JavaFX-Launcher] INFO  o.b.s.HelloApplication - 执行初始化...
2026-01-26 20:01:55.761 [JavaFX Application Thread] INFO  o.b.s.HelloApplication - 工具开始启动并加载...
2026-01-26 20:01:55.802 [JavaFX Application Thread] INFO  o.b.s.Utils.FileUtil - 成功加载文件/org/bxwbb/spigotplugincreatertool/icon/icon.png
2026-01-26 20:02:08.098 [JavaFX Application Thread] INFO  o.b.s.HelloApplication - 执行停止...
2026-01-26 20:16:24.826 [JavaFX-Launcher] INFO  o.b.s.HelloApplication - 执行初始化...
2026-01-26 20:16:24.832 [JavaFX Application Thread] INFO  o.b.s.HelloApplication - 工具开始启动并加载...
2026-01-26 20:16:24.880 [JavaFX Application Thread] INFO  o.b.s.Utils.FileUtil - 成功加载文件/org/bxwbb/spigotplugincreatertool/icon/icon.png
2026-01-26 20:16:25.065 [JavaFX Application Thread] INFO  o.b.s.HelloApplication - 执行停止...
2026-01-26 20:19:48.193 [JavaFX-Launcher] INFO  o.b.s.HelloApplication - 执行初始化...
2026-01-26 20:19:48.199 [JavaFX Application Thread] INFO  o.b.s.HelloApplication - 工具开始启动并加载...
2026-01-26 20:19:48.240 [JavaFX Application Thread] INFO  o.b.s.Utils.FileUtil - 成功加载文件/org/bxwbb/spigotplugincreatertool/icon/icon.png
2026-01-26 20:19:48.416 [JavaFX Application Thread] INFO  o.b.s.HelloApplication - 执行停止...
2026-01-26 20:20:12.434 [JavaFX-Launcher] INFO  o.b.s.HelloApplication - 执行初始化...
2026-01-26 20:20:12.439 [JavaFX Application Thread] INFO  o.b.s.HelloApplication - 工具开始启动并加载...
2026-01-26 20:20:12.483 [JavaFX Application Thread] INFO  o.b.s.Utils.FileUtil - 成功加载文件/org/bxwbb/spigotplugincreatertool/icon/icon.png
2026-01-26 20:20:35.954 [JavaFX Application Thread] INFO  o.b.s.HelloApplication - 执行停止...
2026-01-26 20:22:46.965 [JavaFX-Launcher] INFO  o.b.s.HelloApplication - 执行初始化...
2026-01-26 20:22:46.970 [JavaFX Application Thread] INFO  o.b.s.HelloApplication - 工具开始启动并加载...
2026-01-26 20:22:47.012 [JavaFX Application Thread] INFO  o.b.s.Utils.FileUtil - 成功加载文件/org/bxwbb/spigotplugincreatertool/icon/icon.png
2026-01-26 20:22:50.178 [JavaFX Application Thread] INFO  o.b.s.HelloApplication - 执行停止...
2026-01-26 20:23:25.940 [JavaFX-Launcher] INFO  o.b.s.HelloApplication - 执行初始化...
2026-01-26 20:23:25.946 [JavaFX Application Thread] INFO  o.b.s.HelloApplication - 工具开始启动并加载...
2026-01-26 20:23:25.987 [JavaFX Application Thread] INFO  o.b.s.Utils.FileUtil - 成功加载文件/org/bxwbb/spigotplugincreatertool/icon/icon.png
2026-01-26 20:23:29.572 [JavaFX Application Thread] INFO  o.b.s.HelloApplication - 执行停止...
2026-01-26 20:25:46.695 [JavaFX-Launcher] INFO  o.b.s.HelloApplication - 执行初始化...
2026-01-26 20:25:46.700 [JavaFX Application Thread] INFO  o.b.s.HelloApplication - 工具开始启动并加载...
2026-01-26 20:25:46.741 [JavaFX Application Thread] INFO  o.b.s.Utils.FileUtil - 成功加载文件/org/bxwbb/spigotplugincreatertool/icon/icon.png
2026-01-26 20:25:51.770 [JavaFX Application Thread] INFO  o.b.s.HelloApplication - 执行停止...
2026-01-26 20:26:57.749 [JavaFX-Launcher] INFO  o.b.s.HelloApplication - 执行初始化...
2026-01-26 20:26:57.754 [JavaFX Application Thread] INFO  o.b.s.HelloApplication - 工具开始启动并加载...
2026-01-26 20:26:57.794 [JavaFX Application Thread] INFO  o.b.s.Utils.FileUtil - 成功加载文件/org/bxwbb/spigotplugincreatertool/icon/icon.png
2026-01-26 20:27:04.304 [JavaFX Application Thread] INFO  o.b.s.HelloApplication - 执行停止...
2026-01-26 20:27:11.339 [JavaFX-Launcher] INFO  o.b.s.HelloApplication - 执行初始化...
2026-01-26 20:27:11.345 [JavaFX Application Thread] INFO  o.b.s.HelloApplication - 工具开始启动并加载...
2026-01-26 20:27:11.384 [JavaFX Application Thread] INFO  o.b.s.Utils.FileUtil - 成功加载文件/org/bxwbb/spigotplugincreatertool/icon/icon.png
2026-01-26 20:27:24.169 [JavaFX Application Thread] INFO  o.b.s.HelloApplication - 执行停止...
2026-01-26 20:27:28.436 [JavaFX-Launcher] INFO  o.b.s.HelloApplication - 执行初始化...
2026-01-26 20:27:28.442 [JavaFX Application Thread] INFO  o.b.s.HelloApplication - 工具开始启动并加载...
2026-01-26 20:27:28.483 [JavaFX Application Thread] INFO  o.b.s.Utils.FileUtil - 成功加载文件/org/bxwbb/spigotplugincreatertool/icon/icon.png
2026-01-26 20:27:47.327 [JavaFX Application Thread] INFO  o.b.s.HelloApplication - 执行停止...
2026-01-26 20:30:07.245 [JavaFX-Launcher] INFO  o.b.s.HelloApplication - 执行初始化...
2026-01-26 20:30:07.250 [JavaFX Application Thread] INFO  o.b.s.HelloApplication - 工具开始启动并加载...
2026-01-26 20:30:07.290 [JavaFX Application Thread] INFO  o.b.s.Utils.FileUtil - 成功加载文件/org/bxwbb/spigotplugincreatertool/icon/icon.png
2026-01-26 20:30:07.435 [JavaFX Application Thread] INFO  o.b.s.HelloApplication - 执行停止...
2026-01-26 20:32:31.810 [JavaFX-Launcher] INFO  o.b.s.HelloApplication - 执行初始化...
2026-01-26 20:32:31.815 [JavaFX Application Thread] INFO  o.b.s.HelloApplication - 工具开始启动并加载...
2026-01-26 20:32:31.855 [JavaFX Application Thread] INFO  o.b.s.Utils.FileUtil - 成功加载文件/org/bxwbb/spigotplugincreatertool/icon/icon.png
2026-01-26 20:32:42.544 [JavaFX Application Thread] INFO  o.b.s.HelloApplication - 执行停止...
2026-01-26 20:33:13.483 [JavaFX-Launcher] INFO  o.b.s.HelloApplication - 执行初始化...
2026-01-26 20:33:13.488 [JavaFX Application Thread] INFO  o.b.s.HelloApplication - 工具开始启动并加载...
2026-01-26 20:33:13.528 [JavaFX Application Thread] INFO  o.b.s.Utils.FileUtil - 成功加载文件/org/bxwbb/spigotplugincreatertool/icon/icon.png
2026-01-26 20:33:22.727 [JavaFX Application Thread] INFO  o.b.s.HelloApplication - 执行停止...
2026-01-26 20:33:30.708 [JavaFX-Launcher] INFO  o.b.s.HelloApplication - 执行初始化...
2026-01-26 20:33:30.713 [JavaFX Application Thread] INFO  o.b.s.HelloApplication - 工具开始启动并加载...
2026-01-26 20:33:30.754 [JavaFX Application Thread] INFO  o.b.s.Utils.FileUtil - 成功加载文件/org/bxwbb/spigotplugincreatertool/icon/icon.png
2026-01-26 20:33:32.871 [JavaFX Application Thread] INFO  o.b.s.HelloApplication - 执行停止...
2026-01-26 20:33:45.309 [JavaFX-Launcher] INFO  o.b.s.HelloApplication - 执行初始化...
2026-01-26 20:33:45.314 [JavaFX Application Thread] INFO  o.b.s.HelloApplication - 工具开始启动并加载...
2026-01-26 20:33:45.355 [JavaFX Application Thread] INFO  o.b.s.Utils.FileUtil - 成功加载文件/org/bxwbb/spigotplugincreatertool/icon/icon.png
2026-01-26 20:34:23.804 [JavaFX Application Thread] INFO  o.b.s.HelloApplication - 执行停止...
2026-01-26 20:34:37.657 [JavaFX-Launcher] INFO  o.b.s.HelloApplication - 执行初始化...
2026-01-26 20:34:37.663 [JavaFX Application Thread] INFO  o.b.s.HelloApplication - 工具开始启动并加载...
2026-01-26 20:34:37.703 [JavaFX Application Thread] INFO  o.b.s.Utils.FileUtil - 成功加载文件/org/bxwbb/spigotplugincreatertool/icon/icon.png
2026-01-26 20:34:54.006 [JavaFX Application Thread] INFO  o.b.s.HelloApplication - 执行停止...
2026-01-26 20:35:08.879 [JavaFX-Launcher] INFO  o.b.s.HelloApplication - 执行初始化...
2026-01-26 20:35:08.885 [JavaFX Application Thread] INFO  o.b.s.HelloApplication - 工具开始启动并加载...
2026-01-26 20:35:08.926 [JavaFX Application Thread] INFO  o.b.s.Utils.FileUtil - 成功加载文件/org/bxwbb/spigotplugincreatertool/icon/icon.png
2026-01-26 20:37:38.312 [JavaFX Application Thread] INFO  o.b.s.HelloApplication - 执行停止...
2026-01-26 20:37:43.507 [JavaFX-Launcher] INFO  o.b.s.HelloApplication - 执行初始化...
2026-01-26 20:37:43.513 [JavaFX Application Thread] INFO  o.b.s.HelloApplication - 工具开始启动并加载...
2026-01-26 20:37:43.553 [JavaFX Application Thread] INFO  o.b.s.Utils.FileUtil - 成功加载文件/org/bxwbb/spigotplugincreatertool/icon/icon.png
2026-01-26 20:38:02.295 [JavaFX Application Thread] INFO  o.b.s.HelloApplication - 执行停止...
2026-01-26 20:39:16.708 [JavaFX-Launcher] INFO  o.b.s.HelloApplication - 执行初始化...
2026-01-26 20:39:16.713 [JavaFX Application Thread] INFO  o.b.s.HelloApplication - 工具开始启动并加载...
2026-01-26 20:39:16.754 [JavaFX Application Thread] INFO  o.b.s.Utils.FileUtil - 成功加载文件/org/bxwbb/spigotplugincreatertool/icon/icon.png
2026-01-26 20:39:32.846 [JavaFX Application Thread] INFO  o.b.s.HelloApplication - 执行停止...
2026-01-26 20:39:52.736 [JavaFX-Launcher] INFO  o.b.s.HelloApplication - 执行初始化...
2026-01-26 20:39:52.742 [JavaFX Application Thread] INFO  o.b.s.HelloApplication - 工具开始启动并加载...
2026-01-26 20:39:52.782 [JavaFX Application Thread] INFO  o.b.s.Utils.FileUtil - 成功加载文件/org/bxwbb/spigotplugincreatertool/icon/icon.png
2026-01-26 20:40:06.560 [JavaFX Application Thread] INFO  o.b.s.HelloApplication - 执行停止...
2026-01-26 20:40:26.742 [JavaFX-Launcher] INFO  o.b.s.HelloApplication - 执行初始化...
2026-01-26 20:40:26.748 [JavaFX Application Thread] INFO  o.b.s.HelloApplication - 工具开始启动并加载...
2026-01-26 20:40:26.788 [JavaFX Application Thread] INFO  o.b.s.Utils.FileUtil - 成功加载文件/org/bxwbb/spigotplugincreatertool/icon/icon.png
2026-01-26 20:40:35.743 [JavaFX Application Thread] INFO  o.b.s.HelloApplication - 执行停止...
2026-01-26 20:41:26.271 [JavaFX-Launcher] INFO  o.b.s.HelloApplication - 执行初始化...
2026-01-26 20:41:26.277 [JavaFX Application Thread] INFO  o.b.s.HelloApplication - 工具开始启动并加载...
2026-01-26 20:41:26.318 [JavaFX Application Thread] INFO  o.b.s.Utils.FileUtil - 成功加载文件/org/bxwbb/spigotplugincreatertool/icon/icon.png
2026-01-26 20:41:44.715 [JavaFX Application Thread] INFO  o.b.s.HelloApplication - 执行停止...
2026-01-26 20:45:27.134 [JavaFX-Launcher] INFO  o.b.s.HelloApplication - 执行初始化...
2026-01-26 20:45:27.140 [JavaFX Application Thread] INFO  o.b.s.HelloApplication - 工具开始启动并加载...
2026-01-26 20:45:27.187 [JavaFX Application Thread] INFO  o.b.s.Utils.FileUtil - 成功加载文件/org/bxwbb/spigotplugincreatertool/icon/icon.png
2026-01-26 20:45:42.842 [JavaFX Application Thread] INFO  o.b.s.HelloApplication - 执行停止...
2026-01-26 20:47:20.242 [JavaFX-Launcher] INFO  o.b.s.HelloApplication - 执行初始化...
2026-01-26 20:47:20.247 [JavaFX Application Thread] INFO  o.b.s.HelloApplication - 工具开始启动并加载...
2026-01-26 20:47:20.288 [JavaFX Application Thread] INFO  o.b.s.Utils.FileUtil - 成功加载文件/org/bxwbb/spigotplugincreatertool/icon/icon.png
2026-01-26 20:47:27.868 [JavaFX Application Thread] INFO  o.b.s.HelloApplication - 执行停止...
2026-01-26 20:48:18.290 [JavaFX-Launcher] INFO  o.b.s.HelloApplication - 执行初始化...
2026-01-26 20:48:18.297 [JavaFX Application Thread] INFO  o.b.s.HelloApplication - 工具开始启动并加载...
2026-01-26 20:48:18.344 [JavaFX Application Thread] INFO  o.b.s.Utils.FileUtil - 成功加载文件/org/bxwbb/spigotplugincreatertool/icon/icon.png
2026-01-26 21:00:10.199 [JavaFX-Launcher] INFO  o.b.s.HelloApplication - 执行初始化...
2026-01-26 21:00:10.205 [JavaFX Application Thread] INFO  o.b.s.HelloApplication - 工具开始启动并加载...
2026-01-26 21:00:10.244 [JavaFX Application Thread] INFO  o.b.s.Utils.FileUtil - 成功加载文件/org/bxwbb/spigotplugincreatertool/icon/icon.png
2026-01-26 21:00:14.602 [JavaFX Application Thread] INFO  o.b.s.HelloApplication - 执行停止...
2026-01-26 21:00:16.958 [JavaFX-Launcher] INFO  o.b.s.HelloApplication - 执行初始化...
2026-01-26 21:00:16.964 [JavaFX Application Thread] INFO  o.b.s.HelloApplication - 工具开始启动并加载...
2026-01-26 21:00:17.004 [JavaFX Application Thread] INFO  o.b.s.Utils.FileUtil - 成功加载文件/org/bxwbb/spigotplugincreatertool/icon/icon.png
2026-01-26 21:00:24.422 [JavaFX Application Thread] INFO  o.b.s.HelloApplication - 执行停止...
2026-01-26 21:01:03.295 [JavaFX-Launcher] INFO  o.b.s.HelloApplication - 执行初始化...
2026-01-26 21:01:03.300 [JavaFX Application Thread] INFO  o.b.s.HelloApplication - 工具开始启动并加载...
2026-01-26 21:01:03.340 [JavaFX Application Thread] INFO  o.b.s.Utils.FileUtil - 成功加载文件/org/bxwbb/spigotplugincreatertool/icon/icon.png
2026-01-26 21:01:05.071 [JavaFX Application Thread] INFO  o.b.s.HelloApplication - 执行停止...
2026-01-26 21:01:27.296 [JavaFX-Launcher] INFO  o.b.s.HelloApplication - 执行初始化...
2026-01-26 21:01:27.301 [JavaFX Application Thread] INFO  o.b.s.HelloApplication - 工具开始启动并加载...
2026-01-26 21:01:27.343 [JavaFX Application Thread] INFO  o.b.s.Utils.FileUtil - 成功加载文件/org/bxwbb/spigotplugincreatertool/icon/icon.png
2026-01-26 21:01:40.054 [JavaFX Application Thread] INFO  o.b.s.HelloApplication - 执行停止...
2026-01-26 21:01:53.681 [JavaFX-Launcher] INFO  o.b.s.HelloApplication - 执行初始化...
2026-01-26 21:01:53.687 [JavaFX Application Thread] INFO  o.b.s.HelloApplication - 工具开始启动并加载...
2026-01-26 21:01:53.735 [JavaFX Application Thread] INFO  o.b.s.Utils.FileUtil - 成功加载文件/org/bxwbb/spigotplugincreatertool/icon/icon.png
2026-01-26 21:01:58.529 [JavaFX Application Thread] INFO  o.b.s.HelloApplication - 执行停止...
2026-01-26 21:26:02.714 [JavaFX-Launcher] INFO  o.b.s.HelloApplication - 执行初始化...
2026-01-26 21:26:02.720 [JavaFX Application Thread] INFO  o.b.s.HelloApplication - 工具开始启动并加载...
2026-01-26 21:26:02.754 [JavaFX Application Thread] ERROR o.b.s.Utils.FileUtil - 安装包或应用程序可能受损,具体体现为-无法找到文件org/bxwbb/spigotplugincreatertool/font/unifont-17.0.03.otf
2026-01-26 21:26:02.756 [JavaFX Application Thread] INFO  o.b.s.HelloApplication - 执行停止...
2026-01-26 21:27:24.387 [JavaFX-Launcher] INFO  o.b.s.HelloApplication - 执行初始化...
2026-01-26 21:27:24.392 [JavaFX Application Thread] INFO  o.b.s.HelloApplication - 工具开始启动并加载...
2026-01-26 21:27:24.427 [JavaFX Application Thread] ERROR o.b.s.Utils.FileUtil - 安装包或应用程序可能受损,具体体现为-无法找到文件org/bxwbb/spigotplugincreatertool/font/unifont-17.0.03.otf
2026-01-26 21:27:24.430 [JavaFX Application Thread] INFO  o.b.s.HelloApplication - 执行停止...
2026-01-26 21:28:00.483 [JavaFX-Launcher] INFO  o.b.s.HelloApplication - 执行初始化...
2026-01-26 21:28:00.489 [JavaFX Application Thread] INFO  o.b.s.HelloApplication - 工具开始启动并加载...
2026-01-26 21:28:00.522 [JavaFX Application Thread] ERROR o.b.s.Utils.FileUtil - 安装包或应用程序可能受损,具体体现为-无法找到文件org/bxwbb/spigotplugincreatertool/font/unifont-17.0.03.otf
2026-01-26 21:28:00.523 [JavaFX Application Thread] INFO  o.b.s.Utils.FileUtil - 成功加载文件org/bxwbb/spigotplugincreatertool/font/unifont-17.0.03.otf
2026-01-26 21:28:00.532 [JavaFX Application Thread] INFO  o.b.s.Utils.FileUtil - 成功加载文件/org/bxwbb/spigotplugincreatertool/icon/icon.png
2026-01-26 21:28:00.786 [JavaFX Application Thread] INFO  o.b.s.HelloApplication - 执行停止...
2026-01-26 21:28:56.784 [JavaFX-Launcher] INFO  o.b.s.HelloApplication - 执行初始化...
2026-01-26 21:28:56.789 [JavaFX Application Thread] INFO  o.b.s.HelloApplication - 工具开始启动并加载...
2026-01-26 21:28:56.823 [JavaFX Application Thread] INFO  o.b.s.Utils.FileUtil - 成功加载文件/org/bxwbb/spigotplugincreatertool/font/unifont-17.0.03.otf
2026-01-26 21:28:56.832 [JavaFX Application Thread] INFO  o.b.s.Utils.FileUtil - 成功加载文件/org/bxwbb/spigotplugincreatertool/icon/icon.png
2026-01-26 21:29:03.284 [JavaFX Application Thread] INFO  o.b.s.HelloApplication - 执行停止...
2026-01-26 21:29:17.138 [JavaFX-Launcher] INFO  o.b.s.HelloApplication - 执行初始化...
2026-01-26 21:29:17.144 [JavaFX Application Thread] INFO  o.b.s.HelloApplication - 工具开始启动并加载...
2026-01-26 21:29:17.176 [JavaFX Application Thread] INFO  o.b.s.Utils.FileUtil - 成功加载文件/org/bxwbb/spigotplugincreatertool/font/unifont-17.0.03.otf
2026-01-26 21:29:17.185 [JavaFX Application Thread] INFO  o.b.s.Utils.FileUtil - 成功加载文件/org/bxwbb/spigotplugincreatertool/icon/icon.png
2026-01-26 21:29:19.499 [JavaFX Application Thread] INFO  o.b.s.HelloApplication - 执行停止...
2026-01-26 21:47:14.205 [JavaFX-Launcher] INFO  o.b.s.HelloApplication - 执行初始化...
2026-01-26 21:47:14.210 [JavaFX Application Thread] INFO  o.b.s.HelloApplication - 工具开始启动并加载...
2026-01-26 21:47:14.243 [JavaFX Application Thread] INFO  o.b.s.Utils.FileUtil - 成功加载文件/org/bxwbb/spigotplugincreatertool/font/unifont-15.0.01.ttf
2026-01-26 21:47:14.251 [JavaFX Application Thread] INFO  o.b.s.Utils.FileUtil - 成功加载文件/org/bxwbb/spigotplugincreatertool/icon/icon.png
2026-01-26 21:47:18.331 [JavaFX Application Thread] INFO  o.b.s.HelloApplication - 执行停止...
2026-01-26 21:49:20.126 [JavaFX-Launcher] INFO  o.b.s.HelloApplication - 执行初始化...
2026-01-26 21:49:20.132 [JavaFX Application Thread] INFO  o.b.s.HelloApplication - 工具开始启动并加载...
2026-01-26 21:49:20.164 [JavaFX Application Thread] INFO  o.b.s.Utils.FileUtil - 成功加载文件/org/bxwbb/spigotplugincreatertool/font/unifont-15.0.01.ttf
2026-01-26 21:49:20.165 [JavaFX Application Thread] INFO  o.b.s.HelloApplication - 执行停止...
2026-01-26 21:58:29.960 [JavaFX-Launcher] INFO  o.b.s.HelloApplication - 执行初始化...
2026-01-26 21:58:29.965 [JavaFX Application Thread] INFO  o.b.s.HelloApplication - 工具开始启动并加载...
2026-01-26 21:58:29.999 [JavaFX Application Thread] INFO  o.b.s.Utils.FileUtil - 成功加载文件/fonts/unifont-15.0.01.ttf
2026-01-26 21:58:30.001 [JavaFX Application Thread] INFO  o.b.s.HelloApplication - 执行停止...
2026-01-26 22:00:34.643 [JavaFX-Launcher] INFO  o.b.s.HelloApplication - 执行初始化...
2026-01-26 22:00:34.649 [JavaFX Application Thread] INFO  o.b.s.HelloApplication - 工具开始启动并加载...
2026-01-26 22:00:34.690 [JavaFX Application Thread] INFO  o.b.s.Utils.FileUtil - 成功加载文件/org/bxwbb/spigotplugincreatertool/icon/icon.png
2026-01-26 22:00:43.545 [JavaFX Application Thread] INFO  o.b.s.HelloApplication - 执行停止...
2026-01-26 22:00:49.733 [JavaFX-Launcher] INFO  o.b.s.HelloApplication - 执行初始化...
2026-01-26 22:00:49.739 [JavaFX Application Thread] INFO  o.b.s.HelloApplication - 工具开始启动并加载...
2026-01-26 22:00:49.780 [JavaFX Application Thread] INFO  o.b.s.Utils.FileUtil - 成功加载文件/org/bxwbb/spigotplugincreatertool/icon/icon.png
2026-01-26 22:00:55.276 [JavaFX Application Thread] INFO  o.b.s.HelloApplication - 执行停止...
2026-01-26 22:01:20.510 [JavaFX-Launcher] INFO  o.b.s.HelloApplication - 执行初始化...
2026-01-26 22:01:20.516 [JavaFX Application Thread] INFO  o.b.s.HelloApplication - 工具开始启动并加载...
2026-01-26 22:01:20.557 [JavaFX Application Thread] INFO  o.b.s.Utils.FileUtil - 成功加载文件/org/bxwbb/spigotplugincreatertool/icon/icon.png
2026-01-26 22:01:25.144 [JavaFX Application Thread] INFO  o.b.s.HelloApplication - 执行停止...
2026-01-26 22:01:58.027 [JavaFX-Launcher] INFO  o.b.s.HelloApplication - 执行初始化...
2026-01-26 22:01:58.033 [JavaFX Application Thread] INFO  o.b.s.HelloApplication - 工具开始启动并加载...
2026-01-26 22:01:58.074 [JavaFX Application Thread] INFO  o.b.s.Utils.FileUtil - 成功加载文件/org/bxwbb/spigotplugincreatertool/icon/icon.png
2026-01-26 22:02:17.881 [JavaFX Application Thread] INFO  o.b.s.HelloApplication - 执行停止...
2026-01-26 22:02:43.457 [JavaFX-Launcher] INFO  o.b.s.HelloApplication - 执行初始化...
2026-01-26 22:02:43.462 [JavaFX Application Thread] INFO  o.b.s.HelloApplication - 工具开始启动并加载...
2026-01-26 22:02:43.502 [JavaFX Application Thread] INFO  o.b.s.Utils.FileUtil - 成功加载文件/org/bxwbb/spigotplugincreatertool/icon/icon.png
2026-01-26 22:02:46.980 [JavaFX Application Thread] INFO  o.b.s.HelloApplication - 执行停止...
