2026-01-24 00:57:58.347 [JavaFX-Launcher] INFO  o.b.s.HelloApplication - 执行初始化...
2026-01-24 00:57:58.353 [JavaFX Application Thread] INFO  o.b.s.HelloApplication - 工具开始启动并加载...
2026-01-24 00:57:58.643 [ForkJoinPool.commonPool-worker-1] INFO  o.b.s.HelloApplication - 加载第1/1项-扫描类
2026-01-24 00:57:58.843 [ForkJoinPool.commonPool-worker-1] INFO  o.b.s.HelloApplication - 初始化完成，耗时: 200ms
2026-01-24 00:57:58.914 [JavaFX Application Thread] INFO  o.b.s.FileUtils - 成功加载文件/org/bxwbb/spigotplugincreatertool/icon/MinecraftServerCreater/OpenFile.png
2026-01-24 00:57:58.969 [JavaFX Application Thread] INFO  o.b.s.HelloApplication - 执行停止...
2026-01-24 00:59:33.351 [JavaFX-Launcher] INFO  o.b.s.HelloApplication - 执行初始化...
2026-01-24 00:59:33.356 [JavaFX Application Thread] INFO  o.b.s.HelloApplication - 工具开始启动并加载...
2026-01-24 00:59:33.533 [ForkJoinPool.commonPool-worker-1] INFO  o.b.s.HelloApplication - 加载第1/1项-扫描类
2026-01-24 00:59:33.717 [ForkJoinPool.commonPool-worker-1] INFO  o.b.s.HelloApplication - 初始化完成，耗时: 183ms
2026-01-24 00:59:33.740 [JavaFX Application Thread] INFO  o.b.s.FileUtils - 成功加载文件/org/bxwbb/spigotplugincreatertool/icon/MinecraftServerCreater/OpenFile.png
2026-01-24 00:59:33.755 [JavaFX Application Thread] INFO  o.b.s.HelloApplication - 执行停止...
2026-01-24 00:59:57.428 [JavaFX-Launcher] INFO  o.b.s.HelloApplication - 执行初始化...
2026-01-24 00:59:57.435 [JavaFX Application Thread] INFO  o.b.s.HelloApplication - 工具开始启动并加载...
2026-01-24 00:59:57.640 [ForkJoinPool.commonPool-worker-1] INFO  o.b.s.HelloApplication - 加载第1/1项-扫描类
2026-01-24 00:59:57.819 [ForkJoinPool.commonPool-worker-1] INFO  o.b.s.HelloApplication - 初始化完成，耗时: 179ms
2026-01-24 00:59:57.843 [JavaFX Application Thread] INFO  o.b.s.FileUtils - 成功加载文件/org/bxwbb/spigotplugincreatertool/icon/MinecraftServerCreater/OpenFile.png
2026-01-24 00:59:57.857 [JavaFX Application Thread] INFO  o.b.s.HelloApplication - 执行停止...
2026-01-24 01:02:59.503 [JavaFX-Launcher] INFO  o.b.s.HelloApplication - 执行初始化...
2026-01-24 01:02:59.509 [JavaFX Application Thread] INFO  o.b.s.HelloApplication - 工具开始启动并加载...
2026-01-24 01:02:59.712 [ForkJoinPool.commonPool-worker-1] INFO  o.b.s.HelloApplication - 加载第1/1项-扫描类
2026-01-24 01:02:59.885 [ForkJoinPool.commonPool-worker-1] INFO  o.b.s.HelloApplication - 初始化完成，耗时: 172ms
2026-01-24 01:02:59.909 [JavaFX Application Thread] INFO  o.b.s.FileUtils - 成功加载文件/org/bxwbb/spigotplugincreatertool/icon/MinecraftServerCreater/OpenFile.png
2026-01-24 01:02:59.917 [JavaFX Application Thread] INFO  o.b.s.HelloApplication - 执行停止...
2026-01-24 01:03:28.091 [JavaFX-Launcher] INFO  o.b.s.HelloApplication - 执行初始化...
2026-01-24 01:03:28.097 [JavaFX Application Thread] INFO  o.b.s.HelloApplication - 工具开始启动并加载...
2026-01-24 01:03:28.300 [ForkJoinPool.commonPool-worker-1] INFO  o.b.s.HelloApplication - 加载第1/1项-扫描类
2026-01-24 01:03:28.475 [ForkJoinPool.commonPool-worker-1] INFO  o.b.s.HelloApplication - 初始化完成，耗时: 173ms
2026-01-24 01:03:28.498 [JavaFX Application Thread] INFO  o.b.s.FileUtils - 成功加载文件/org/bxwbb/spigotplugincreatertool/icon/MinecraftServerCreater/OpenFile.png
2026-01-24 01:03:28.505 [JavaFX Application Thread] INFO  o.b.s.HelloApplication - 执行停止...
2026-01-24 01:04:13.821 [JavaFX-Launcher] INFO  o.b.s.HelloApplication - 执行初始化...
2026-01-24 01:04:13.826 [JavaFX Application Thread] INFO  o.b.s.HelloApplication - 工具开始启动并加载...
2026-01-24 01:04:14.018 [ForkJoinPool.commonPool-worker-1] INFO  o.b.s.HelloApplication - 加载第1/1项-扫描类
2026-01-24 01:04:14.195 [ForkJoinPool.commonPool-worker-1] INFO  o.b.s.HelloApplication - 初始化完成，耗时: 175ms
2026-01-24 01:04:14.220 [JavaFX Application Thread] INFO  o.b.s.FileUtils - 成功加载文件/org/bxwbb/spigotplugincreatertool/icon/MinecraftServerCreater/OpenFile.png
2026-01-24 01:04:14.226 [JavaFX Application Thread] INFO  o.b.s.FileUtils - 成功加载文件/org/bxwbb/spigotplugincreatertool/icon/NodeEditor/SaveFile.png
2026-01-24 01:04:14.262 [JavaFX Application Thread] INFO  o.b.s.FileUtils - 成功加载文件/org/bxwbb/spigotplugincreatertool/icon/NodeEditor/Run.png
2026-01-24 01:04:14.307 [JavaFX Application Thread] INFO  o.b.s.FileUtils - 成功加载文件/org/bxwbb/spigotplugincreatertool/icon/NodeEditor/Next.png
2026-01-24 01:04:24.356 [JavaFX Application Thread] ERROR o.b.s.M.NodeEditor.NodeEditor - 找不到的文件路径 - null
2026-01-24 01:05:20.825 [JavaFX-Launcher] INFO  o.b.s.HelloApplication - 执行初始化...
2026-01-24 01:05:20.829 [JavaFX Application Thread] INFO  o.b.s.HelloApplication - 工具开始启动并加载...
2026-01-24 01:05:21.005 [ForkJoinPool.commonPool-worker-1] INFO  o.b.s.HelloApplication - 加载第1/1项-扫描类
2026-01-24 01:05:21.177 [ForkJoinPool.commonPool-worker-1] INFO  o.b.s.HelloApplication - 初始化完成，耗时: 172ms
2026-01-24 01:05:21.202 [JavaFX Application Thread] INFO  o.b.s.FileUtils - 成功加载文件/org/bxwbb/spigotplugincreatertool/icon/MinecraftServerCreater/OpenFile.png
2026-01-24 01:05:21.208 [JavaFX Application Thread] INFO  o.b.s.FileUtils - 成功加载文件/org/bxwbb/spigotplugincreatertool/icon/NodeEditor/SaveFile.png
2026-01-24 01:05:21.211 [JavaFX Application Thread] INFO  o.b.s.FileUtils - 成功加载文件/org/bxwbb/spigotplugincreatertool/icon/NodeEditor/Run.png
2026-01-24 01:05:21.213 [JavaFX Application Thread] INFO  o.b.s.FileUtils - 成功加载文件/org/bxwbb/spigotplugincreatertool/icon/NodeEditor/Next.png
2026-01-24 01:05:24.171 [JavaFX Application Thread] INFO  o.b.s.FileUtils - 成功加载文件/org/bxwbb/spigotplugincreatertool/icon/NodeEditor/Stop.png
2026-01-24 01:05:25.139 [JavaFX Application Thread] INFO  o.b.s.FileUtils - 成功加载文件/org/bxwbb/spigotplugincreatertool/icon/NodeEditor/Run.png
2026-01-24 01:05:27.508 [JavaFX Application Thread] INFO  o.b.s.FileUtils - 成功加载文件/org/bxwbb/spigotplugincreatertool/icon/NodeEditor/Stop.png
2026-01-24 01:05:27.849 [JavaFX Application Thread] INFO  o.b.s.FileUtils - 成功加载文件/org/bxwbb/spigotplugincreatertool/icon/NodeEditor/Run.png
2026-01-24 01:05:29.469 [JavaFX Application Thread] INFO  o.b.s.HelloApplication - 执行停止...
2026-01-24 01:05:45.113 [JavaFX-Launcher] INFO  o.b.s.HelloApplication - 执行初始化...
2026-01-24 01:05:45.119 [JavaFX Application Thread] INFO  o.b.s.HelloApplication - 工具开始启动并加载...
2026-01-24 01:05:45.307 [ForkJoinPool.commonPool-worker-1] INFO  o.b.s.HelloApplication - 加载第1/1项-扫描类
2026-01-24 01:05:45.487 [ForkJoinPool.commonPool-worker-1] INFO  o.b.s.HelloApplication - 初始化完成，耗时: 179ms
2026-01-24 01:05:45.511 [JavaFX Application Thread] INFO  o.b.s.FileUtils - 成功加载文件/org/bxwbb/spigotplugincreatertool/icon/MinecraftServerCreater/OpenFile.png
2026-01-24 01:05:45.517 [JavaFX Application Thread] INFO  o.b.s.FileUtils - 成功加载文件/org/bxwbb/spigotplugincreatertool/icon/NodeEditor/SaveFile.png
2026-01-24 01:05:45.520 [JavaFX Application Thread] INFO  o.b.s.FileUtils - 成功加载文件/org/bxwbb/spigotplugincreatertool/icon/NodeEditor/Run.png
2026-01-24 01:05:45.521 [JavaFX Application Thread] INFO  o.b.s.FileUtils - 成功加载文件/org/bxwbb/spigotplugincreatertool/icon/NodeEditor/Next.png
2026-01-24 01:05:47.077 [JavaFX Application Thread] INFO  o.b.s.FileUtils - 成功加载文件/org/bxwbb/spigotplugincreatertool/icon/NodeEditor/Stop.png
2026-01-24 01:05:50.149 [JavaFX Application Thread] INFO  o.b.s.FileUtils - 成功加载文件/org/bxwbb/spigotplugincreatertool/icon/NodeEditor/Run.png
2026-01-24 01:05:52.336 [JavaFX Application Thread] INFO  o.b.s.FileUtils - 成功加载文件/org/bxwbb/spigotplugincreatertool/icon/NodeEditor/Stop.png
2026-01-24 01:05:52.818 [JavaFX Application Thread] INFO  o.b.s.FileUtils - 成功加载文件/org/bxwbb/spigotplugincreatertool/icon/NodeEditor/Run.png
2026-01-24 01:05:53.145 [JavaFX Application Thread] INFO  o.b.s.FileUtils - 成功加载文件/org/bxwbb/spigotplugincreatertool/icon/NodeEditor/Stop.png
2026-01-24 01:05:53.291 [JavaFX Application Thread] INFO  o.b.s.FileUtils - 成功加载文件/org/bxwbb/spigotplugincreatertool/icon/NodeEditor/Run.png
2026-01-24 01:05:53.469 [JavaFX Application Thread] INFO  o.b.s.FileUtils - 成功加载文件/org/bxwbb/spigotplugincreatertool/icon/NodeEditor/Stop.png
2026-01-24 01:05:53.662 [JavaFX Application Thread] INFO  o.b.s.FileUtils - 成功加载文件/org/bxwbb/spigotplugincreatertool/icon/NodeEditor/Run.png
2026-01-24 01:05:53.814 [JavaFX Application Thread] INFO  o.b.s.FileUtils - 成功加载文件/org/bxwbb/spigotplugincreatertool/icon/NodeEditor/Stop.png
2026-01-24 01:05:53.983 [JavaFX Application Thread] INFO  o.b.s.FileUtils - 成功加载文件/org/bxwbb/spigotplugincreatertool/icon/NodeEditor/Run.png
2026-01-24 01:05:54.320 [JavaFX Application Thread] INFO  o.b.s.FileUtils - 成功加载文件/org/bxwbb/spigotplugincreatertool/icon/NodeEditor/Stop.png
2026-01-24 01:05:54.513 [JavaFX Application Thread] INFO  o.b.s.FileUtils - 成功加载文件/org/bxwbb/spigotplugincreatertool/icon/NodeEditor/Run.png
2026-01-24 01:05:54.878 [JavaFX Application Thread] INFO  o.b.s.FileUtils - 成功加载文件/org/bxwbb/spigotplugincreatertool/icon/NodeEditor/Stop.png
2026-01-24 01:05:55.111 [JavaFX Application Thread] INFO  o.b.s.FileUtils - 成功加载文件/org/bxwbb/spigotplugincreatertool/icon/NodeEditor/Run.png
2026-01-24 01:05:55.313 [JavaFX Application Thread] INFO  o.b.s.FileUtils - 成功加载文件/org/bxwbb/spigotplugincreatertool/icon/NodeEditor/Stop.png
2026-01-24 01:05:55.794 [JavaFX Application Thread] INFO  o.b.s.FileUtils - 成功加载文件/org/bxwbb/spigotplugincreatertool/icon/NodeEditor/Run.png
2026-01-24 01:05:57.413 [JavaFX Application Thread] INFO  o.b.s.HelloApplication - 执行停止...
2026-01-24 01:11:38.095 [JavaFX-Launcher] INFO  o.b.s.HelloApplication - 执行初始化...
2026-01-24 01:11:38.101 [JavaFX Application Thread] INFO  o.b.s.HelloApplication - 工具开始启动并加载...
2026-01-24 01:11:38.296 [ForkJoinPool.commonPool-worker-1] INFO  o.b.s.HelloApplication - 加载第1/1项-扫描类
2026-01-24 01:11:38.479 [ForkJoinPool.commonPool-worker-1] INFO  o.b.s.HelloApplication - 初始化完成，耗时: 182ms
2026-01-24 01:11:54.502 [JavaFX Application Thread] INFO  o.b.s.HelloApplication - 执行停止...
2026-01-24 01:12:16.708 [JavaFX-Launcher] INFO  o.b.s.HelloApplication - 执行初始化...
2026-01-24 01:12:16.714 [JavaFX Application Thread] INFO  o.b.s.HelloApplication - 工具开始启动并加载...
2026-01-24 01:12:16.907 [ForkJoinPool.commonPool-worker-1] INFO  o.b.s.HelloApplication - 加载第1/1项-扫描类
2026-01-24 01:12:17.082 [ForkJoinPool.commonPool-worker-1] INFO  o.b.s.HelloApplication - 初始化完成，耗时: 174ms
2026-01-24 01:12:20.037 [JavaFX Application Thread] INFO  o.b.s.HelloApplication - 执行停止...
2026-01-24 01:17:09.833 [JavaFX-Launcher] INFO  o.b.s.HelloApplication - 执行初始化...
2026-01-24 01:17:09.838 [JavaFX Application Thread] INFO  o.b.s.HelloApplication - 工具开始启动并加载...
2026-01-24 01:17:10.015 [ForkJoinPool.commonPool-worker-1] INFO  o.b.s.HelloApplication - 加载第1/1项-扫描类
2026-01-24 01:17:10.204 [ForkJoinPool.commonPool-worker-1] INFO  o.b.s.HelloApplication - 初始化完成，耗时: 188ms
2026-01-24 01:17:12.075 [JavaFX Application Thread] INFO  o.b.s.HelloApplication - 执行停止...
2026-01-24 01:17:21.988 [JavaFX-Launcher] INFO  o.b.s.HelloApplication - 执行初始化...
2026-01-24 01:17:21.992 [JavaFX Application Thread] INFO  o.b.s.HelloApplication - 工具开始启动并加载...
2026-01-24 01:17:22.168 [ForkJoinPool.commonPool-worker-1] INFO  o.b.s.HelloApplication - 加载第1/1项-扫描类
2026-01-24 01:17:22.340 [ForkJoinPool.commonPool-worker-1] INFO  o.b.s.HelloApplication - 初始化完成，耗时: 171ms
2026-01-24 01:17:22.418 [JavaFX Application Thread] INFO  o.b.s.HelloApplication - 执行停止...
2026-01-24 01:21:25.205 [JavaFX-Launcher] INFO  o.b.s.HelloApplication - 执行初始化...
2026-01-24 01:21:25.210 [JavaFX Application Thread] INFO  o.b.s.HelloApplication - 工具开始启动并加载...
2026-01-24 01:21:25.397 [ForkJoinPool.commonPool-worker-1] INFO  o.b.s.HelloApplication - 加载第1/1项-扫描类
2026-01-24 01:21:25.591 [ForkJoinPool.commonPool-worker-1] INFO  o.b.s.HelloApplication - 初始化完成，耗时: 193ms
2026-01-24 01:22:59.038 [JavaFX-Launcher] INFO  o.b.s.HelloApplication - 执行初始化...
2026-01-24 01:22:59.044 [JavaFX Application Thread] INFO  o.b.s.HelloApplication - 工具开始启动并加载...
2026-01-24 01:22:59.231 [ForkJoinPool.commonPool-worker-1] INFO  o.b.s.HelloApplication - 加载第1/1项-扫描类
2026-01-24 01:22:59.435 [ForkJoinPool.commonPool-worker-1] INFO  o.b.s.HelloApplication - 初始化完成，耗时: 203ms
2026-01-24 01:23:13.227 [JavaFX-Launcher] INFO  o.b.s.HelloApplication - 执行初始化...
2026-01-24 01:23:13.231 [JavaFX Application Thread] INFO  o.b.s.HelloApplication - 工具开始启动并加载...
2026-01-24 01:23:13.407 [ForkJoinPool.commonPool-worker-1] INFO  o.b.s.HelloApplication - 加载第1/1项-扫描类
2026-01-24 01:23:13.580 [ForkJoinPool.commonPool-worker-1] INFO  o.b.s.HelloApplication - 初始化完成，耗时: 172ms
2026-01-24 01:23:13.658 [JavaFX Application Thread] INFO  o.b.s.HelloApplication - 执行停止...
2026-01-24 01:23:16.217 [JavaFX-Launcher] INFO  o.b.s.HelloApplication - 执行初始化...
2026-01-24 01:23:16.223 [JavaFX Application Thread] INFO  o.b.s.HelloApplication - 工具开始启动并加载...
2026-01-24 01:23:16.407 [ForkJoinPool.commonPool-worker-1] INFO  o.b.s.HelloApplication - 加载第1/1项-扫描类
2026-01-24 01:23:16.604 [ForkJoinPool.commonPool-worker-1] INFO  o.b.s.HelloApplication - 初始化完成，耗时: 196ms
2026-01-24 01:24:00.939 [JavaFX-Launcher] INFO  o.b.s.HelloApplication - 执行初始化...
2026-01-24 01:24:00.944 [JavaFX Application Thread] INFO  o.b.s.HelloApplication - 工具开始启动并加载...
2026-01-24 01:24:01.129 [ForkJoinPool.commonPool-worker-1] INFO  o.b.s.HelloApplication - 加载第1/1项-扫描类
2026-01-24 01:24:01.320 [ForkJoinPool.commonPool-worker-1] INFO  o.b.s.HelloApplication - 初始化完成，耗时: 190ms
2026-01-24 01:24:25.857 [JavaFX-Launcher] INFO  o.b.s.HelloApplication - 执行初始化...
2026-01-24 01:24:25.862 [JavaFX Application Thread] INFO  o.b.s.HelloApplication - 工具开始启动并加载...
2026-01-24 01:24:26.039 [ForkJoinPool.commonPool-worker-1] INFO  o.b.s.HelloApplication - 加载第1/1项-扫描类
2026-01-24 01:24:26.221 [ForkJoinPool.commonPool-worker-1] INFO  o.b.s.HelloApplication - 初始化完成，耗时: 181ms
2026-01-24 01:24:39.173 [JavaFX-Launcher] INFO  o.b.s.HelloApplication - 执行初始化...
2026-01-24 01:24:39.178 [JavaFX Application Thread] INFO  o.b.s.HelloApplication - 工具开始启动并加载...
2026-01-24 01:24:39.363 [ForkJoinPool.commonPool-worker-1] INFO  o.b.s.HelloApplication - 加载第1/1项-扫描类
2026-01-24 01:24:39.567 [ForkJoinPool.commonPool-worker-1] INFO  o.b.s.HelloApplication - 初始化完成，耗时: 203ms
2026-01-24 01:27:24.402 [JavaFX-Launcher] INFO  o.b.s.HelloApplication - 执行初始化...
2026-01-24 01:27:24.406 [JavaFX Application Thread] INFO  o.b.s.HelloApplication - 工具开始启动并加载...
2026-01-24 01:27:24.580 [ForkJoinPool.commonPool-worker-1] INFO  o.b.s.HelloApplication - 加载第1/1项-扫描类
2026-01-24 01:27:24.761 [ForkJoinPool.commonPool-worker-1] INFO  o.b.s.HelloApplication - 初始化完成，耗时: 180ms
2026-01-24 01:27:24.839 [JavaFX Application Thread] INFO  o.b.s.HelloApplication - 执行停止...
2026-01-24 01:31:37.730 [JavaFX-Launcher] INFO  o.b.s.HelloApplication - 执行初始化...
2026-01-24 01:31:37.734 [JavaFX Application Thread] INFO  o.b.s.HelloApplication - 工具开始启动并加载...
2026-01-24 01:31:37.912 [ForkJoinPool.commonPool-worker-1] INFO  o.b.s.HelloApplication - 加载第1/1项-扫描类
2026-01-24 01:31:38.083 [ForkJoinPool.commonPool-worker-1] INFO  o.b.s.HelloApplication - 初始化完成，耗时: 171ms
2026-01-24 01:31:38.121 [JavaFX Application Thread] INFO  o.b.s.HelloApplication - 执行停止...
2026-01-24 01:32:07.356 [JavaFX-Launcher] INFO  o.b.s.HelloApplication - 执行初始化...
2026-01-24 01:32:07.360 [JavaFX Application Thread] INFO  o.b.s.HelloApplication - 工具开始启动并加载...
2026-01-24 01:32:07.533 [ForkJoinPool.commonPool-worker-1] INFO  o.b.s.HelloApplication - 加载第1/1项-扫描类
2026-01-24 01:32:07.711 [ForkJoinPool.commonPool-worker-1] INFO  o.b.s.HelloApplication - 初始化完成，耗时: 177ms
2026-01-24 01:32:07.746 [JavaFX Application Thread] INFO  o.b.s.HelloApplication - 执行停止...
2026-01-24 01:33:53.437 [JavaFX-Launcher] INFO  o.b.s.HelloApplication - 执行初始化...
2026-01-24 01:33:53.442 [JavaFX Application Thread] INFO  o.b.s.HelloApplication - 工具开始启动并加载...
2026-01-24 01:33:53.617 [ForkJoinPool.commonPool-worker-1] INFO  o.b.s.HelloApplication - 加载第1/1项-扫描类
2026-01-24 01:33:53.785 [ForkJoinPool.commonPool-worker-1] INFO  o.b.s.HelloApplication - 初始化完成，耗时: 166ms
2026-01-24 01:33:53.864 [JavaFX Application Thread] INFO  o.b.s.HelloApplication - 执行停止...
2026-01-24 01:35:58.585 [JavaFX-Launcher] INFO  o.b.s.HelloApplication - 执行初始化...
2026-01-24 01:35:58.590 [JavaFX Application Thread] INFO  o.b.s.HelloApplication - 工具开始启动并加载...
2026-01-24 01:35:58.763 [ForkJoinPool.commonPool-worker-1] INFO  o.b.s.HelloApplication - 加载第1/1项-扫描类
2026-01-24 01:35:58.933 [ForkJoinPool.commonPool-worker-1] INFO  o.b.s.HelloApplication - 初始化完成，耗时: 170ms
2026-01-24 01:35:59.013 [JavaFX Application Thread] INFO  o.b.s.HelloApplication - 执行停止...
2026-01-24 01:37:55.989 [JavaFX-Launcher] INFO  o.b.s.HelloApplication - 执行初始化...
2026-01-24 01:37:55.993 [JavaFX Application Thread] INFO  o.b.s.HelloApplication - 工具开始启动并加载...
2026-01-24 01:37:56.168 [ForkJoinPool.commonPool-worker-1] INFO  o.b.s.HelloApplication - 加载第1/1项-扫描类
2026-01-24 01:37:56.344 [ForkJoinPool.commonPool-worker-1] INFO  o.b.s.HelloApplication - 初始化完成，耗时: 175ms
2026-01-24 01:38:04.478 [JavaFX Application Thread] INFO  o.b.s.HelloApplication - 执行停止...
2026-01-24 01:38:38.456 [JavaFX-Launcher] INFO  o.b.s.HelloApplication - 执行初始化...
2026-01-24 01:38:38.461 [JavaFX Application Thread] INFO  o.b.s.HelloApplication - 工具开始启动并加载...
2026-01-24 01:38:38.636 [ForkJoinPool.commonPool-worker-1] INFO  o.b.s.HelloApplication - 加载第1/1项-扫描类
2026-01-24 01:38:38.822 [ForkJoinPool.commonPool-worker-1] INFO  o.b.s.HelloApplication - 初始化完成，耗时: 185ms
2026-01-24 01:38:56.437 [JavaFX Application Thread] INFO  o.b.s.HelloApplication - 执行停止...
2026-01-24 01:39:38.797 [JavaFX-Launcher] INFO  o.b.s.HelloApplication - 执行初始化...
2026-01-24 01:39:38.802 [JavaFX Application Thread] INFO  o.b.s.HelloApplication - 工具开始启动并加载...
2026-01-24 01:39:38.980 [ForkJoinPool.commonPool-worker-1] INFO  o.b.s.HelloApplication - 加载第1/1项-扫描类
2026-01-24 01:39:39.159 [ForkJoinPool.commonPool-worker-1] INFO  o.b.s.HelloApplication - 初始化完成，耗时: 179ms
2026-01-24 01:39:41.143 [JavaFX Application Thread] INFO  o.b.s.HelloApplication - 执行停止...
2026-01-24 01:39:54.040 [JavaFX-Launcher] INFO  o.b.s.HelloApplication - 执行初始化...
2026-01-24 01:39:54.046 [JavaFX Application Thread] INFO  o.b.s.HelloApplication - 工具开始启动并加载...
2026-01-24 01:39:54.226 [ForkJoinPool.commonPool-worker-1] INFO  o.b.s.HelloApplication - 加载第1/1项-扫描类
2026-01-24 01:39:54.424 [ForkJoinPool.commonPool-worker-1] INFO  o.b.s.HelloApplication - 初始化完成，耗时: 197ms
2026-01-24 01:41:11.108 [JavaFX-Launcher] INFO  o.b.s.HelloApplication - 执行初始化...
2026-01-24 01:41:11.113 [JavaFX Application Thread] INFO  o.b.s.HelloApplication - 工具开始启动并加载...
2026-01-24 01:41:11.286 [ForkJoinPool.commonPool-worker-1] INFO  o.b.s.HelloApplication - 加载第1/1项-扫描类
2026-01-24 01:41:11.470 [ForkJoinPool.commonPool-worker-1] INFO  o.b.s.HelloApplication - 初始化完成，耗时: 183ms
2026-01-24 01:41:18.379 [JavaFX Application Thread] INFO  o.b.s.HelloApplication - 执行停止...
2026-01-24 01:43:22.583 [JavaFX-Launcher] INFO  o.b.s.HelloApplication - 执行初始化...
2026-01-24 01:43:22.587 [JavaFX Application Thread] INFO  o.b.s.HelloApplication - 工具开始启动并加载...
2026-01-24 01:43:22.766 [ForkJoinPool.commonPool-worker-1] INFO  o.b.s.HelloApplication - 加载第1/1项-扫描类
2026-01-24 01:43:22.935 [ForkJoinPool.commonPool-worker-1] INFO  o.b.s.HelloApplication - 初始化完成，耗时: 169ms
2026-01-24 01:43:24.882 [JavaFX Application Thread] INFO  o.b.s.HelloApplication - 执行停止...
2026-01-24 01:43:33.186 [JavaFX-Launcher] INFO  o.b.s.HelloApplication - 执行初始化...
2026-01-24 01:43:33.191 [JavaFX Application Thread] INFO  o.b.s.HelloApplication - 工具开始启动并加载...
2026-01-24 01:43:33.367 [ForkJoinPool.commonPool-worker-1] INFO  o.b.s.HelloApplication - 加载第1/1项-扫描类
2026-01-24 01:43:33.535 [ForkJoinPool.commonPool-worker-1] INFO  o.b.s.HelloApplication - 初始化完成，耗时: 167ms
2026-01-24 01:43:36.259 [JavaFX Application Thread] INFO  o.b.s.HelloApplication - 执行停止...
2026-01-24 01:45:54.593 [JavaFX-Launcher] INFO  o.b.s.HelloApplication - 执行初始化...
2026-01-24 01:45:54.597 [JavaFX Application Thread] INFO  o.b.s.HelloApplication - 工具开始启动并加载...
2026-01-24 01:45:54.768 [ForkJoinPool.commonPool-worker-1] INFO  o.b.s.HelloApplication - 加载第1/1项-扫描类
2026-01-24 01:45:54.939 [ForkJoinPool.commonPool-worker-1] INFO  o.b.s.HelloApplication - 初始化完成，耗时: 170ms
2026-01-24 01:46:39.489 [JavaFX Application Thread] INFO  o.b.s.HelloApplication - 执行停止...
2026-01-24 01:47:19.564 [JavaFX-Launcher] INFO  o.b.s.HelloApplication - 执行初始化...
2026-01-24 01:47:19.568 [JavaFX Application Thread] INFO  o.b.s.HelloApplication - 工具开始启动并加载...
2026-01-24 01:47:19.743 [ForkJoinPool.commonPool-worker-1] INFO  o.b.s.HelloApplication - 加载第1/1项-扫描类
2026-01-24 01:47:19.921 [ForkJoinPool.commonPool-worker-1] INFO  o.b.s.HelloApplication - 初始化完成，耗时: 177ms
2026-01-24 01:47:22.629 [JavaFX Application Thread] INFO  o.b.s.HelloApplication - 执行停止...
2026-01-24 01:47:34.679 [JavaFX-Launcher] INFO  o.b.s.HelloApplication - 执行初始化...
2026-01-24 01:47:34.683 [JavaFX Application Thread] INFO  o.b.s.HelloApplication - 工具开始启动并加载...
2026-01-24 01:47:34.857 [ForkJoinPool.commonPool-worker-1] INFO  o.b.s.HelloApplication - 加载第1/1项-扫描类
2026-01-24 01:47:35.029 [ForkJoinPool.commonPool-worker-1] INFO  o.b.s.HelloApplication - 初始化完成，耗时: 172ms
2026-01-24 01:47:46.209 [JavaFX Application Thread] INFO  o.b.s.HelloApplication - 执行停止...
2026-01-24 01:47:54.449 [JavaFX-Launcher] INFO  o.b.s.HelloApplication - 执行初始化...
2026-01-24 01:47:54.454 [JavaFX Application Thread] INFO  o.b.s.HelloApplication - 工具开始启动并加载...
2026-01-24 01:47:54.624 [ForkJoinPool.commonPool-worker-1] INFO  o.b.s.HelloApplication - 加载第1/1项-扫描类
2026-01-24 01:47:54.796 [ForkJoinPool.commonPool-worker-1] INFO  o.b.s.HelloApplication - 初始化完成，耗时: 171ms
2026-01-24 01:48:03.462 [JavaFX Application Thread] INFO  o.b.s.HelloApplication - 执行停止...
2026-01-24 01:49:28.572 [JavaFX-Launcher] INFO  o.b.s.HelloApplication - 执行初始化...
2026-01-24 01:49:28.576 [JavaFX Application Thread] INFO  o.b.s.HelloApplication - 工具开始启动并加载...
2026-01-24 01:49:28.750 [ForkJoinPool.commonPool-worker-1] INFO  o.b.s.HelloApplication - 加载第1/1项-扫描类
2026-01-24 01:49:28.930 [ForkJoinPool.commonPool-worker-1] INFO  o.b.s.HelloApplication - 初始化完成，耗时: 179ms
2026-01-24 01:49:39.268 [JavaFX Application Thread] INFO  o.b.s.HelloApplication - 执行停止...
2026-01-24 01:49:48.182 [JavaFX-Launcher] INFO  o.b.s.HelloApplication - 执行初始化...
2026-01-24 01:49:48.186 [JavaFX Application Thread] INFO  o.b.s.HelloApplication - 工具开始启动并加载...
2026-01-24 01:49:48.360 [ForkJoinPool.commonPool-worker-1] INFO  o.b.s.HelloApplication - 加载第1/1项-扫描类
2026-01-24 01:49:48.538 [ForkJoinPool.commonPool-worker-1] INFO  o.b.s.HelloApplication - 初始化完成，耗时: 177ms
2026-01-24 01:50:11.768 [JavaFX-Launcher] INFO  o.b.s.HelloApplication - 执行初始化...
2026-01-24 01:50:11.772 [JavaFX Application Thread] INFO  o.b.s.HelloApplication - 工具开始启动并加载...
2026-01-24 01:50:11.945 [ForkJoinPool.commonPool-worker-1] INFO  o.b.s.HelloApplication - 加载第1/1项-扫描类
2026-01-24 01:50:12.114 [ForkJoinPool.commonPool-worker-1] INFO  o.b.s.HelloApplication - 初始化完成，耗时: 168ms
2026-01-24 01:50:15.242 [JavaFX Application Thread] INFO  o.b.s.HelloApplication - 执行停止...
2026-01-24 01:50:33.183 [JavaFX-Launcher] INFO  o.b.s.HelloApplication - 执行初始化...
2026-01-24 01:50:33.187 [JavaFX Application Thread] INFO  o.b.s.HelloApplication - 工具开始启动并加载...
2026-01-24 01:50:33.360 [ForkJoinPool.commonPool-worker-1] INFO  o.b.s.HelloApplication - 加载第1/1项-扫描类
2026-01-24 01:50:33.529 [ForkJoinPool.commonPool-worker-1] INFO  o.b.s.HelloApplication - 初始化完成，耗时: 168ms
2026-01-24 01:50:35.715 [JavaFX Application Thread] INFO  o.b.s.HelloApplication - 执行停止...
2026-01-24 01:51:12.705 [JavaFX-Launcher] INFO  o.b.s.HelloApplication - 执行初始化...
2026-01-24 01:51:12.709 [JavaFX Application Thread] INFO  o.b.s.HelloApplication - 工具开始启动并加载...
2026-01-24 01:51:12.883 [ForkJoinPool.commonPool-worker-1] INFO  o.b.s.HelloApplication - 加载第1/1项-扫描类
2026-01-24 01:51:13.057 [ForkJoinPool.commonPool-worker-1] INFO  o.b.s.HelloApplication - 初始化完成，耗时: 173ms
2026-01-24 01:51:25.538 [JavaFX Application Thread] INFO  o.b.s.HelloApplication - 执行停止...
2026-01-24 01:51:36.403 [JavaFX-Launcher] INFO  o.b.s.HelloApplication - 执行初始化...
2026-01-24 01:51:36.407 [JavaFX Application Thread] INFO  o.b.s.HelloApplication - 工具开始启动并加载...
2026-01-24 01:51:36.582 [ForkJoinPool.commonPool-worker-1] INFO  o.b.s.HelloApplication - 加载第1/1项-扫描类
2026-01-24 01:51:36.756 [ForkJoinPool.commonPool-worker-1] INFO  o.b.s.HelloApplication - 初始化完成，耗时: 174ms
2026-01-24 01:51:43.361 [JavaFX Application Thread] INFO  o.b.s.HelloApplication - 执行停止...
2026-01-24 01:51:52.623 [JavaFX-Launcher] INFO  o.b.s.HelloApplication - 执行初始化...
2026-01-24 01:51:52.627 [JavaFX Application Thread] INFO  o.b.s.HelloApplication - 工具开始启动并加载...
2026-01-24 01:51:52.800 [ForkJoinPool.commonPool-worker-1] INFO  o.b.s.HelloApplication - 加载第1/1项-扫描类
2026-01-24 01:51:52.974 [ForkJoinPool.commonPool-worker-1] INFO  o.b.s.HelloApplication - 初始化完成，耗时: 173ms
2026-01-24 01:52:02.393 [JavaFX Application Thread] INFO  o.b.s.HelloApplication - 执行停止...
2026-01-24 01:53:23.220 [JavaFX-Launcher] INFO  o.b.s.HelloApplication - 执行初始化...
2026-01-24 01:53:23.224 [JavaFX Application Thread] INFO  o.b.s.HelloApplication - 工具开始启动并加载...
2026-01-24 01:53:23.405 [ForkJoinPool.commonPool-worker-1] INFO  o.b.s.HelloApplication - 加载第1/1项-扫描类
2026-01-24 01:53:23.849 [ForkJoinPool.commonPool-worker-1] INFO  o.b.s.HelloApplication - 初始化完成，耗时: 443ms
2026-01-24 01:53:38.434 [JavaFX-Launcher] INFO  o.b.s.HelloApplication - 执行初始化...
2026-01-24 01:53:38.438 [JavaFX Application Thread] INFO  o.b.s.HelloApplication - 工具开始启动并加载...
2026-01-24 01:53:38.618 [ForkJoinPool.commonPool-worker-1] INFO  o.b.s.HelloApplication - 加载第1/1项-扫描类
2026-01-24 01:53:38.812 [ForkJoinPool.commonPool-worker-1] INFO  o.b.s.HelloApplication - 初始化完成，耗时: 193ms
2026-01-24 01:54:42.264 [JavaFX-Launcher] INFO  o.b.s.HelloApplication - 执行初始化...
2026-01-24 01:54:42.268 [JavaFX Application Thread] INFO  o.b.s.HelloApplication - 工具开始启动并加载...
2026-01-24 01:54:42.449 [ForkJoinPool.commonPool-worker-1] INFO  o.b.s.HelloApplication - 加载第1/1项-扫描类
2026-01-24 01:54:42.624 [ForkJoinPool.commonPool-worker-1] INFO  o.b.s.HelloApplication - 初始化完成，耗时: 174ms
2026-01-24 01:55:24.360 [JavaFX Application Thread] INFO  o.b.s.HelloApplication - 执行停止...
2026-01-24 01:56:52.678 [JavaFX-Launcher] INFO  o.b.s.HelloApplication - 执行初始化...
2026-01-24 01:56:52.682 [JavaFX Application Thread] INFO  o.b.s.HelloApplication - 工具开始启动并加载...
2026-01-24 01:56:52.861 [ForkJoinPool.commonPool-worker-1] INFO  o.b.s.HelloApplication - 加载第1/1项-扫描类
2026-01-24 01:56:53.059 [ForkJoinPool.commonPool-worker-1] INFO  o.b.s.HelloApplication - 初始化完成，耗时: 198ms
2026-01-24 01:57:10.035 [JavaFX-Launcher] INFO  o.b.s.HelloApplication - 执行初始化...
2026-01-24 01:57:10.040 [JavaFX Application Thread] INFO  o.b.s.HelloApplication - 工具开始启动并加载...
2026-01-24 01:57:10.220 [ForkJoinPool.commonPool-worker-1] INFO  o.b.s.HelloApplication - 加载第1/1项-扫描类
2026-01-24 01:57:10.420 [ForkJoinPool.commonPool-worker-1] INFO  o.b.s.HelloApplication - 初始化完成，耗时: 199ms
2026-01-24 01:59:04.298 [JavaFX-Launcher] INFO  o.b.s.HelloApplication - 执行初始化...
2026-01-24 01:59:04.302 [JavaFX Application Thread] INFO  o.b.s.HelloApplication - 工具开始启动并加载...
2026-01-24 01:59:04.476 [ForkJoinPool.commonPool-worker-1] INFO  o.b.s.HelloApplication - 加载第1/1项-扫描类
2026-01-24 01:59:04.645 [ForkJoinPool.commonPool-worker-1] INFO  o.b.s.HelloApplication - 初始化完成，耗时: 168ms
2026-01-24 01:59:06.436 [JavaFX Application Thread] INFO  o.b.s.HelloApplication - 执行停止...
2026-01-24 01:59:10.158 [JavaFX-Launcher] INFO  o.b.s.HelloApplication - 执行初始化...
2026-01-24 01:59:10.162 [JavaFX Application Thread] INFO  o.b.s.HelloApplication - 工具开始启动并加载...
2026-01-24 01:59:10.333 [ForkJoinPool.commonPool-worker-1] INFO  o.b.s.HelloApplication - 加载第1/1项-扫描类
2026-01-24 01:59:10.498 [ForkJoinPool.commonPool-worker-1] INFO  o.b.s.HelloApplication - 初始化完成，耗时: 165ms
2026-01-24 01:59:11.993 [JavaFX Application Thread] INFO  o.b.s.HelloApplication - 执行停止...
2026-01-24 11:54:28.254 [JavaFX-Launcher] INFO  o.b.s.HelloApplication - 执行初始化...
2026-01-24 11:54:28.258 [JavaFX Application Thread] INFO  o.b.s.HelloApplication - 工具开始启动并加载...
2026-01-24 11:54:28.502 [ForkJoinPool.commonPool-worker-1] INFO  o.b.s.HelloApplication - 加载第1/1项-扫描类
2026-01-24 11:54:28.675 [ForkJoinPool.commonPool-worker-1] INFO  o.b.s.HelloApplication - 初始化完成，耗时: 172ms
2026-01-24 11:54:33.878 [JavaFX Application Thread] ERROR o.b.s.M.NodeEditor.NodeEditor - 找不到的文件路径 - null
2026-01-24 11:54:38.182 [JavaFX Application Thread] INFO  o.b.s.HelloApplication - 执行停止...
2026-01-24 11:55:40.806 [JavaFX-Launcher] INFO  o.b.s.HelloApplication - 执行初始化...
2026-01-24 11:55:40.810 [JavaFX Application Thread] INFO  o.b.s.HelloApplication - 工具开始启动并加载...
2026-01-24 11:55:40.986 [ForkJoinPool.commonPool-worker-1] INFO  o.b.s.HelloApplication - 加载第1/1项-扫描类
2026-01-24 11:55:41.164 [ForkJoinPool.commonPool-worker-1] INFO  o.b.s.HelloApplication - 初始化完成，耗时: 178ms
2026-01-24 11:55:43.429 [JavaFX Application Thread] ERROR o.b.s.M.NodeEditor.NodeEditor - 找不到的文件路径 - null
2026-01-24 11:55:48.809 [JavaFX Application Thread] ERROR o.b.s.M.NodeEditor.NodeEditor - 用户并没有选择保存路径，取消保存
2026-01-24 11:56:24.700 [JavaFX Application Thread] INFO  o.b.s.HelloApplication - 执行停止...
2026-01-24 11:56:33.541 [JavaFX-Launcher] INFO  o.b.s.HelloApplication - 执行初始化...
2026-01-24 11:56:33.546 [JavaFX Application Thread] INFO  o.b.s.HelloApplication - 工具开始启动并加载...
2026-01-24 11:56:33.719 [ForkJoinPool.commonPool-worker-1] INFO  o.b.s.HelloApplication - 加载第1/1项-扫描类
2026-01-24 11:56:33.891 [ForkJoinPool.commonPool-worker-1] INFO  o.b.s.HelloApplication - 初始化完成，耗时: 172ms
2026-01-24 11:56:41.079 [JavaFX Application Thread] INFO  o.b.s.HelloApplication - 执行停止...
2026-01-24 14:18:10.646 [JavaFX-Launcher] INFO  o.b.s.HelloApplication - 执行初始化...
2026-01-24 14:18:10.650 [JavaFX Application Thread] INFO  o.b.s.HelloApplication - 工具开始启动并加载...
2026-01-24 14:18:10.822 [ForkJoinPool.commonPool-worker-1] INFO  o.b.s.HelloApplication - 加载第1/1项-扫描类
2026-01-24 14:18:10.823 [ForkJoinPool.commonPool-worker-1] INFO  o.b.s.HelloApplication - 初始化完成，耗时: 0ms
2026-01-24 14:18:13.034 [JavaFX Application Thread] INFO  o.b.s.HelloApplication - 执行停止...
2026-01-24 14:18:15.517 [JavaFX-Launcher] INFO  o.b.s.HelloApplication - 执行初始化...
2026-01-24 14:18:15.521 [JavaFX Application Thread] INFO  o.b.s.HelloApplication - 工具开始启动并加载...
2026-01-24 14:18:15.695 [ForkJoinPool.commonPool-worker-1] INFO  o.b.s.HelloApplication - 加载第1/1项-扫描类
2026-01-24 14:18:15.696 [ForkJoinPool.commonPool-worker-1] INFO  o.b.s.HelloApplication - 初始化完成，耗时: 0ms
2026-01-24 14:18:17.457 [JavaFX Application Thread] INFO  o.b.s.HelloApplication - 执行停止...
2026-01-24 14:28:45.697 [JavaFX-Launcher] INFO  o.b.s.HelloApplication - 执行初始化...
2026-01-24 14:28:45.701 [JavaFX Application Thread] INFO  o.b.s.HelloApplication - 工具开始启动并加载...
2026-01-24 14:28:45.875 [ForkJoinPool.commonPool-worker-1] INFO  o.b.s.HelloApplication - 加载第1/1项-扫描类
2026-01-24 14:28:45.876 [ForkJoinPool.commonPool-worker-1] INFO  o.b.s.HelloApplication - 初始化完成，耗时: 0ms
2026-01-24 14:28:47.034 [JavaFX Application Thread] INFO  o.b.s.HelloApplication - 执行停止...
2026-01-24 15:16:37.466 [JavaFX-Launcher] INFO  o.b.s.HelloApplication - 执行初始化...
2026-01-24 15:16:37.471 [JavaFX Application Thread] INFO  o.b.s.HelloApplication - 工具开始启动并加载...
2026-01-24 15:16:37.615 [ForkJoinPool.commonPool-worker-1] INFO  o.b.s.HelloApplication - 加载第1/1项-扫描类
2026-01-24 15:16:37.615 [ForkJoinPool.commonPool-worker-1] INFO  o.b.s.HelloApplication - 初始化完成，耗时: 0ms
2026-01-24 15:16:39.233 [JavaFX Application Thread] INFO  o.b.s.HelloApplication - 执行停止...
2026-01-24 15:20:11.598 [JavaFX-Launcher] INFO  o.b.s.HelloApplication - 执行初始化...
2026-01-24 15:20:11.603 [JavaFX Application Thread] INFO  o.b.s.HelloApplication - 工具开始启动并加载...
2026-01-24 15:20:11.779 [ForkJoinPool.commonPool-worker-1] INFO  o.b.s.HelloApplication - 加载第1/1项-扫描类
2026-01-24 15:20:11.780 [ForkJoinPool.commonPool-worker-1] INFO  o.b.s.HelloApplication - 初始化完成，耗时: 0ms
2026-01-24 15:20:11.814 [JavaFX Application Thread] INFO  o.b.s.HelloApplication - 执行停止...
2026-01-24 15:21:00.784 [JavaFX-Launcher] INFO  o.b.s.HelloApplication - 执行初始化...
2026-01-24 15:21:00.789 [JavaFX Application Thread] INFO  o.b.s.HelloApplication - 工具开始启动并加载...
2026-01-24 15:21:00.966 [ForkJoinPool.commonPool-worker-1] INFO  o.b.s.HelloApplication - 加载第1/1项-扫描类
2026-01-24 15:21:00.968 [ForkJoinPool.commonPool-worker-1] INFO  o.b.s.HelloApplication - 初始化完成，耗时: 1ms
2026-01-24 15:21:01.003 [JavaFX Application Thread] INFO  o.b.s.HelloApplication - 执行停止...
2026-01-24 15:21:33.015 [JavaFX-Launcher] INFO  o.b.s.HelloApplication - 执行初始化...
2026-01-24 15:21:33.020 [JavaFX Application Thread] INFO  o.b.s.HelloApplication - 工具开始启动并加载...
2026-01-24 15:21:33.196 [ForkJoinPool.commonPool-worker-1] INFO  o.b.s.HelloApplication - 加载第1/1项-扫描类
2026-01-24 15:21:33.197 [ForkJoinPool.commonPool-worker-1] INFO  o.b.s.HelloApplication - 初始化完成，耗时: 0ms
2026-01-24 15:21:40.085 [JavaFX Application Thread] INFO  o.b.s.HelloApplication - 执行停止...
2026-01-24 15:22:08.167 [JavaFX-Launcher] INFO  o.b.s.HelloApplication - 执行初始化...
2026-01-24 15:22:08.171 [JavaFX Application Thread] INFO  o.b.s.HelloApplication - 工具开始启动并加载...
2026-01-24 15:22:08.347 [ForkJoinPool.commonPool-worker-1] INFO  o.b.s.HelloApplication - 加载第1/1项-扫描类
2026-01-24 15:22:08.348 [ForkJoinPool.commonPool-worker-1] INFO  o.b.s.HelloApplication - 初始化完成，耗时: 0ms
2026-01-24 15:22:10.036 [JavaFX Application Thread] INFO  o.b.s.HelloApplication - 执行停止...
2026-01-24 15:23:02.553 [JavaFX-Launcher] INFO  o.b.s.HelloApplication - 执行初始化...
2026-01-24 15:23:02.558 [JavaFX Application Thread] INFO  o.b.s.HelloApplication - 工具开始启动并加载...
2026-01-24 15:23:02.736 [ForkJoinPool.commonPool-worker-1] INFO  o.b.s.HelloApplication - 加载第1/1项-扫描类
2026-01-24 15:23:02.736 [ForkJoinPool.commonPool-worker-1] INFO  o.b.s.HelloApplication - 初始化完成，耗时: 0ms
2026-01-24 15:23:03.789 [JavaFX Application Thread] INFO  o.b.s.HelloApplication - 执行停止...
2026-01-24 15:23:37.017 [JavaFX-Launcher] INFO  o.b.s.HelloApplication - 执行初始化...
2026-01-24 15:23:37.022 [JavaFX Application Thread] INFO  o.b.s.HelloApplication - 工具开始启动并加载...
2026-01-24 15:23:37.198 [ForkJoinPool.commonPool-worker-1] INFO  o.b.s.HelloApplication - 加载第1/1项-扫描类
2026-01-24 15:23:37.199 [ForkJoinPool.commonPool-worker-1] INFO  o.b.s.HelloApplication - 初始化完成，耗时: 1ms
2026-01-24 15:23:38.718 [JavaFX Application Thread] INFO  o.b.s.HelloApplication - 执行停止...
2026-01-24 15:24:21.359 [JavaFX-Launcher] INFO  o.b.s.HelloApplication - 执行初始化...
2026-01-24 15:24:21.364 [JavaFX Application Thread] INFO  o.b.s.HelloApplication - 工具开始启动并加载...
2026-01-24 15:24:21.543 [ForkJoinPool.commonPool-worker-1] INFO  o.b.s.HelloApplication - 加载第1/1项-扫描类
2026-01-24 15:24:21.544 [ForkJoinPool.commonPool-worker-1] INFO  o.b.s.HelloApplication - 初始化完成，耗时: 0ms
2026-01-24 15:24:30.729 [JavaFX Application Thread] INFO  o.b.s.HelloApplication - 执行停止...
2026-01-24 15:26:34.464 [JavaFX-Launcher] INFO  o.b.s.HelloApplication - 执行初始化...
2026-01-24 15:26:34.468 [JavaFX Application Thread] INFO  o.b.s.HelloApplication - 工具开始启动并加载...
2026-01-24 15:26:34.644 [ForkJoinPool.commonPool-worker-1] INFO  o.b.s.HelloApplication - 加载第1/1项-扫描类
2026-01-24 15:26:34.645 [ForkJoinPool.commonPool-worker-1] INFO  o.b.s.HelloApplication - 初始化完成，耗时: 0ms
2026-01-24 15:26:38.946 [JavaFX-Launcher] INFO  o.b.s.HelloApplication - 执行初始化...
2026-01-24 15:26:38.951 [JavaFX Application Thread] INFO  o.b.s.HelloApplication - 工具开始启动并加载...
2026-01-24 15:26:39.129 [ForkJoinPool.commonPool-worker-1] INFO  o.b.s.HelloApplication - 加载第1/1项-扫描类
2026-01-24 15:26:39.130 [ForkJoinPool.commonPool-worker-1] INFO  o.b.s.HelloApplication - 初始化完成，耗时: 0ms
2026-01-24 15:27:24.187 [JavaFX-Launcher] INFO  o.b.s.HelloApplication - 执行初始化...
2026-01-24 15:27:24.192 [JavaFX Application Thread] INFO  o.b.s.HelloApplication - 工具开始启动并加载...
2026-01-24 15:27:24.377 [ForkJoinPool.commonPool-worker-1] INFO  o.b.s.HelloApplication - 加载第1/1项-扫描类
2026-01-24 15:27:24.378 [ForkJoinPool.commonPool-worker-1] INFO  o.b.s.HelloApplication - 初始化完成，耗时: 0ms
2026-01-24 15:27:27.153 [JavaFX Application Thread] INFO  o.b.s.HelloApplication - 执行停止...
2026-01-24 15:30:34.702 [JavaFX-Launcher] INFO  o.b.s.HelloApplication - 执行初始化...
2026-01-24 15:30:34.707 [JavaFX Application Thread] INFO  o.b.s.HelloApplication - 工具开始启动并加载...
2026-01-24 15:30:34.881 [ForkJoinPool.commonPool-worker-1] INFO  o.b.s.HelloApplication - 加载第1/1项-扫描类
2026-01-24 15:30:34.882 [ForkJoinPool.commonPool-worker-1] INFO  o.b.s.HelloApplication - 初始化完成，耗时: 1ms
2026-01-24 15:30:40.480 [JavaFX Application Thread] INFO  o.b.s.HelloApplication - 执行停止...
2026-01-24 15:30:57.153 [JavaFX-Launcher] INFO  o.b.s.HelloApplication - 执行初始化...
2026-01-24 15:30:57.157 [JavaFX Application Thread] INFO  o.b.s.HelloApplication - 工具开始启动并加载...
2026-01-24 15:30:57.331 [ForkJoinPool.commonPool-worker-1] INFO  o.b.s.HelloApplication - 加载第1/1项-扫描类
2026-01-24 15:30:57.332 [ForkJoinPool.commonPool-worker-1] INFO  o.b.s.HelloApplication - 初始化完成，耗时: 0ms
2026-01-24 15:31:01.650 [JavaFX Application Thread] INFO  o.b.s.HelloApplication - 执行停止...
2026-01-24 15:31:20.983 [JavaFX-Launcher] INFO  o.b.s.HelloApplication - 执行初始化...
2026-01-24 15:31:20.987 [JavaFX Application Thread] INFO  o.b.s.HelloApplication - 工具开始启动并加载...
2026-01-24 15:31:21.164 [ForkJoinPool.commonPool-worker-1] INFO  o.b.s.HelloApplication - 加载第1/1项-扫描类
2026-01-24 15:31:21.165 [ForkJoinPool.commonPool-worker-1] INFO  o.b.s.HelloApplication - 初始化完成，耗时: 0ms
2026-01-24 15:32:12.646 [JavaFX-Launcher] INFO  o.b.s.HelloApplication - 执行初始化...
2026-01-24 15:32:12.651 [JavaFX Application Thread] INFO  o.b.s.HelloApplication - 工具开始启动并加载...
2026-01-24 15:32:12.826 [ForkJoinPool.commonPool-worker-1] INFO  o.b.s.HelloApplication - 加载第1/1项-扫描类
2026-01-24 15:32:12.827 [ForkJoinPool.commonPool-worker-1] INFO  o.b.s.HelloApplication - 初始化完成，耗时: 0ms
2026-01-24 15:32:14.552 [JavaFX Application Thread] INFO  o.b.s.HelloApplication - 执行停止...
2026-01-24 15:32:17.826 [JavaFX-Launcher] INFO  o.b.s.HelloApplication - 执行初始化...
2026-01-24 15:32:17.830 [JavaFX Application Thread] INFO  o.b.s.HelloApplication - 工具开始启动并加载...
2026-01-24 15:32:18.004 [ForkJoinPool.commonPool-worker-1] INFO  o.b.s.HelloApplication - 加载第1/1项-扫描类
2026-01-24 15:32:18.005 [ForkJoinPool.commonPool-worker-1] INFO  o.b.s.HelloApplication - 初始化完成，耗时: 0ms
2026-01-24 15:32:30.071 [JavaFX Application Thread] INFO  o.b.s.HelloApplication - 执行停止...
2026-01-24 15:33:13.955 [JavaFX-Launcher] INFO  o.b.s.HelloApplication - 执行初始化...
2026-01-24 15:33:13.961 [JavaFX Application Thread] INFO  o.b.s.HelloApplication - 工具开始启动并加载...
2026-01-24 15:33:14.136 [ForkJoinPool.commonPool-worker-1] INFO  o.b.s.HelloApplication - 加载第1/1项-扫描类
2026-01-24 15:33:14.137 [ForkJoinPool.commonPool-worker-1] INFO  o.b.s.HelloApplication - 初始化完成，耗时: 0ms
2026-01-24 15:34:09.573 [JavaFX Application Thread] INFO  o.b.s.HelloApplication - 执行停止...
2026-01-24 15:35:32.454 [JavaFX-Launcher] INFO  o.b.s.HelloApplication - 执行初始化...
2026-01-24 15:35:32.459 [JavaFX Application Thread] INFO  o.b.s.HelloApplication - 工具开始启动并加载...
2026-01-24 15:35:32.632 [ForkJoinPool.commonPool-worker-1] INFO  o.b.s.HelloApplication - 加载第1/1项-扫描类
2026-01-24 15:35:32.632 [ForkJoinPool.commonPool-worker-1] INFO  o.b.s.HelloApplication - 初始化完成，耗时: 0ms
2026-01-24 15:35:35.361 [JavaFX Application Thread] INFO  o.b.s.HelloApplication - 执行停止...
2026-01-24 15:35:43.848 [JavaFX-Launcher] INFO  o.b.s.HelloApplication - 执行初始化...
2026-01-24 15:35:43.853 [JavaFX Application Thread] INFO  o.b.s.HelloApplication - 工具开始启动并加载...
2026-01-24 15:35:44.029 [ForkJoinPool.commonPool-worker-1] INFO  o.b.s.HelloApplication - 加载第1/1项-扫描类
2026-01-24 15:35:44.030 [ForkJoinPool.commonPool-worker-1] INFO  o.b.s.HelloApplication - 初始化完成，耗时: 1ms
2026-01-24 15:35:46.629 [JavaFX Application Thread] INFO  o.b.s.HelloApplication - 执行停止...
2026-01-24 15:59:24.805 [JavaFX-Launcher] INFO  o.b.s.HelloApplication - 执行初始化...
2026-01-24 15:59:24.810 [JavaFX Application Thread] INFO  o.b.s.HelloApplication - 工具开始启动并加载...
2026-01-24 15:59:24.990 [ForkJoinPool.commonPool-worker-1] INFO  o.b.s.HelloApplication - 加载第1/1项-扫描类
2026-01-24 15:59:24.991 [ForkJoinPool.commonPool-worker-1] INFO  o.b.s.HelloApplication - 初始化完成，耗时: 0ms
2026-01-24 15:59:26.386 [JavaFX Application Thread] INFO  o.b.s.HelloApplication - 执行停止...
